###############################################################################
#
# IAR ELF Linker V7.80.4.12462/W32 for ARM                09/Apr/2018  11:26:57
# Copyright 2007-2017 IAR Systems AB.
#
#    Output file  =  
#        D:\01创客学院\01课程设计\03LoRa开发与应用\Day06\05源码\LoRa自组网程序\EWARM\Slave\Exe\MO工程建立.out
#    Map file     =  
#        D:\01创客学院\01课程设计\03LoRa开发与应用\Day06\05源码\LoRa自组网程序\EWARM\Slave\List\MO工程建立.map
#    Command line =  
#        D:\01创客学院\01课程设计\03LoRa开发与应用\Day06\05源码\LoRa自组网程序\EWARM\Slave\Obj\adc.o
#        D:\01创客学院\01课程设计\03LoRa开发与应用\Day06\05源码\LoRa自组网程序\EWARM\Slave\Obj\dataprocess.o
#        D:\01创客学院\01课程设计\03LoRa开发与应用\Day06\05源码\LoRa自组网程序\EWARM\Slave\Obj\dma.o
#        D:\01创客学院\01课程设计\03LoRa开发与应用\Day06\05源码\LoRa自组网程序\EWARM\Slave\Obj\fifo.o
#        D:\01创客学院\01课程设计\03LoRa开发与应用\Day06\05源码\LoRa自组网程序\EWARM\Slave\Obj\gpio.o
#        D:\01创客学院\01课程设计\03LoRa开发与应用\Day06\05源码\LoRa自组网程序\EWARM\Slave\Obj\lcd.o
#        D:\01创客学院\01课程设计\03LoRa开发与应用\Day06\05源码\LoRa自组网程序\EWARM\Slave\Obj\led.o
#        D:\01创客学院\01课程设计\03LoRa开发与应用\Day06\05源码\LoRa自组网程序\EWARM\Slave\Obj\main.o
#        D:\01创客学院\01课程设计\03LoRa开发与应用\Day06\05源码\LoRa自组网程序\EWARM\Slave\Obj\netprocess.o
#        D:\01创客学院\01课程设计\03LoRa开发与应用\Day06\05源码\LoRa自组网程序\EWARM\Slave\Obj\protocol.o
#        D:\01创客学院\01课程设计\03LoRa开发与应用\Day06\05源码\LoRa自组网程序\EWARM\Slave\Obj\radio.o
#        D:\01创客学院\01课程设计\03LoRa开发与应用\Day06\05源码\LoRa自组网程序\EWARM\Slave\Obj\rtc.o
#        D:\01创客学院\01课程设计\03LoRa开发与应用\Day06\05源码\LoRa自组网程序\EWARM\Slave\Obj\spi.o
#        D:\01创客学院\01课程设计\03LoRa开发与应用\Day06\05源码\LoRa自组网程序\EWARM\Slave\Obj\startup_stm32f051x8.o
#        D:\01创客学院\01课程设计\03LoRa开发与应用\Day06\05源码\LoRa自组网程序\EWARM\Slave\Obj\stm32f0xx_hal.o
#        D:\01创客学院\01课程设计\03LoRa开发与应用\Day06\05源码\LoRa自组网程序\EWARM\Slave\Obj\stm32f0xx_hal_adc.o
#        D:\01创客学院\01课程设计\03LoRa开发与应用\Day06\05源码\LoRa自组网程序\EWARM\Slave\Obj\stm32f0xx_hal_adc_ex.o
#        D:\01创客学院\01课程设计\03LoRa开发与应用\Day06\05源码\LoRa自组网程序\EWARM\Slave\Obj\stm32f0xx_hal_cortex.o
#        D:\01创客学院\01课程设计\03LoRa开发与应用\Day06\05源码\LoRa自组网程序\EWARM\Slave\Obj\stm32f0xx_hal_dma.o
#        D:\01创客学院\01课程设计\03LoRa开发与应用\Day06\05源码\LoRa自组网程序\EWARM\Slave\Obj\stm32f0xx_hal_flash.o
#        D:\01创客学院\01课程设计\03LoRa开发与应用\Day06\05源码\LoRa自组网程序\EWARM\Slave\Obj\stm32f0xx_hal_flash_ex.o
#        D:\01创客学院\01课程设计\03LoRa开发与应用\Day06\05源码\LoRa自组网程序\EWARM\Slave\Obj\stm32f0xx_hal_gpio.o
#        D:\01创客学院\01课程设计\03LoRa开发与应用\Day06\05源码\LoRa自组网程序\EWARM\Slave\Obj\stm32f0xx_hal_i2c.o
#        D:\01创客学院\01课程设计\03LoRa开发与应用\Day06\05源码\LoRa自组网程序\EWARM\Slave\Obj\stm32f0xx_hal_i2c_ex.o
#        D:\01创客学院\01课程设计\03LoRa开发与应用\Day06\05源码\LoRa自组网程序\EWARM\Slave\Obj\stm32f0xx_hal_msp.o
#        D:\01创客学院\01课程设计\03LoRa开发与应用\Day06\05源码\LoRa自组网程序\EWARM\Slave\Obj\stm32f0xx_hal_pwr.o
#        D:\01创客学院\01课程设计\03LoRa开发与应用\Day06\05源码\LoRa自组网程序\EWARM\Slave\Obj\stm32f0xx_hal_pwr_ex.o
#        D:\01创客学院\01课程设计\03LoRa开发与应用\Day06\05源码\LoRa自组网程序\EWARM\Slave\Obj\stm32f0xx_hal_rcc.o
#        D:\01创客学院\01课程设计\03LoRa开发与应用\Day06\05源码\LoRa自组网程序\EWARM\Slave\Obj\stm32f0xx_hal_rcc_ex.o
#        D:\01创客学院\01课程设计\03LoRa开发与应用\Day06\05源码\LoRa自组网程序\EWARM\Slave\Obj\stm32f0xx_hal_rtc.o
#        D:\01创客学院\01课程设计\03LoRa开发与应用\Day06\05源码\LoRa自组网程序\EWARM\Slave\Obj\stm32f0xx_hal_rtc_ex.o
#        D:\01创客学院\01课程设计\03LoRa开发与应用\Day06\05源码\LoRa自组网程序\EWARM\Slave\Obj\stm32f0xx_hal_spi.o
#        D:\01创客学院\01课程设计\03LoRa开发与应用\Day06\05源码\LoRa自组网程序\EWARM\Slave\Obj\stm32f0xx_hal_spi_ex.o
#        D:\01创客学院\01课程设计\03LoRa开发与应用\Day06\05源码\LoRa自组网程序\EWARM\Slave\Obj\stm32f0xx_hal_tim.o
#        D:\01创客学院\01课程设计\03LoRa开发与应用\Day06\05源码\LoRa自组网程序\EWARM\Slave\Obj\stm32f0xx_hal_tim_ex.o
#        D:\01创客学院\01课程设计\03LoRa开发与应用\Day06\05源码\LoRa自组网程序\EWARM\Slave\Obj\stm32f0xx_hal_uart.o
#        D:\01创客学院\01课程设计\03LoRa开发与应用\Day06\05源码\LoRa自组网程序\EWARM\Slave\Obj\stm32f0xx_hal_uart_ex.o
#        D:\01创客学院\01课程设计\03LoRa开发与应用\Day06\05源码\LoRa自组网程序\EWARM\Slave\Obj\stm32f0xx_it.o
#        D:\01创客学院\01课程设计\03LoRa开发与应用\Day06\05源码\LoRa自组网程序\EWARM\Slave\Obj\sx1276-Fsk.o
#        D:\01创客学院\01课程设计\03LoRa开发与应用\Day06\05源码\LoRa自组网程序\EWARM\Slave\Obj\sx1276-FskMisc.o
#        D:\01创客学院\01课程设计\03LoRa开发与应用\Day06\05源码\LoRa自组网程序\EWARM\Slave\Obj\sx1276-Hal.o
#        D:\01创客学院\01课程设计\03LoRa开发与应用\Day06\05源码\LoRa自组网程序\EWARM\Slave\Obj\sx1276-LoRa.o
#        D:\01创客学院\01课程设计\03LoRa开发与应用\Day06\05源码\LoRa自组网程序\EWARM\Slave\Obj\sx1276-LoRaMisc.o
#        D:\01创客学院\01课程设计\03LoRa开发与应用\Day06\05源码\LoRa自组网程序\EWARM\Slave\Obj\sx1276.o
#        D:\01创客学院\01课程设计\03LoRa开发与应用\Day06\05源码\LoRa自组网程序\EWARM\Slave\Obj\sx12xxEiger.o
#        D:\01创客学院\01课程设计\03LoRa开发与应用\Day06\05源码\LoRa自组网程序\EWARM\Slave\Obj\system_stm32f0xx.o
#        D:\01创客学院\01课程设计\03LoRa开发与应用\Day06\05源码\LoRa自组网程序\EWARM\Slave\Obj\tim.o
#        D:\01创客学院\01课程设计\03LoRa开发与应用\Day06\05源码\LoRa自组网程序\EWARM\Slave\Obj\usart.o
#        --redirect _Printf=_PrintfFull --redirect _Scanf=_ScanfFull -o
#        D:\01创客学院\01课程设计\03LoRa开发与应用\Day06\05源码\LoRa自组网程序\EWARM\Slave\Exe\MO工程建立.out
#        --map
#        D:\01创客学院\01课程设计\03LoRa开发与应用\Day06\05源码\LoRa自组网程序\EWARM\Slave\List\MO工程建立.map
#        --config
#        D:\01创客学院\01课程设计\03LoRa开发与应用\Day06\05源码\LoRa自组网程序\EWARM/stm32f051x8_flash.icf
#        --semihosting --entry __iar_program_start --vfe
#
###############################################################################

*******************************************************************************
*** RUNTIME MODEL ATTRIBUTES
***

CppFlavor                     = *
__Heap_Handler                = Basic
__SystemLibrary               = DLib
__dlib_dynamic_initialization = normal


*******************************************************************************
*** PLACEMENT SUMMARY
***

"A0":  place at 0x08000000 { ro section .intvec };
"P1":  place in [from 0x08000000 to 0x0800ffff] { ro };
"P2":  place in [from 0x20000000 to 0x20001fff] { rw, block CSTACK, block HEAP };
initialize by copy { rw };

  Section             Kind        Address    Size  Object
  -------             ----        -------    ----  ------
"A0":                                        0xbc
  .intvec             ro code  0x08000000    0xbc  startup_stm32f051x8.o [1]
                             - 0x080000bc    0xbc

"P1":                                      0x84bd
  .text               ro code  0x080000bc  0x12ca  xprintffull.o [3]
  .text               ro code  0x08001386    0x1c  xmbtowc.o [3]
  .text               ro code  0x080013a2    0x14  strchr.o [5]
  .text               ro code  0x080013b6    0x10  strlen.o [5]
  .text               ro code  0x080013c6    0x18  memchr.o [5]
  .text               ro code  0x080013de     0xa  xmbcurmax.o [3]
  .text               ro code  0x080013e8    0xb8  xxmemxmalloc.o [3]
  .text               ro code  0x080014a0    0x18  xwctomb.o [3]
  .text               ro code  0x080014b8    0x5c  ABImemcpy.o [5]
  .text               ro code  0x08001514    0x88  xxmemxfree.o [3]
  .text               ro code  0x0800159c    0x6a  I64DivMod.o [5]
  .text               ro code  0x08001606    0x32  DblCmpLe.o [4]
  .text               ro code  0x08001638    0x32  DblCmpGe.o [4]
  .text               ro code  0x0800166a     0xa  xsprout.o [3]
  .text               ro code  0x08001674    0x80  xdscale.o [4]
  .text               ro code  0x080016f4    0x52  DblToI32.o [4]
  .text               ro code  0x08001746     0x2  startup_stm32f051x8.o [1]
  .text               ro code  0x08001748    0x34  I32ToDbl.o [4]
  .text               ro code  0x0800177c   0x1b4  DblAddSub.o [4]
  .text               ro code  0x08001930    0xe0  I32DivModFast.o [5]
  .text               ro code  0x08001a10   0x184  DblMul.o [4]
  .text               ro code  0x08001b94    0xc2  DblDiv.o [4]
  .text               ro code  0x08001c56     0x2  startup_stm32f051x8.o [1]
  .text               ro code  0x08001c58    0x68  localeconv.o [3]
  .text               ro code  0x08001cc0    0x20  div.o [3]
  .text               ro code  0x08001ce0    0x14  setlocale.o [3]
  .text               ro code  0x08001cf4    0x50  xencoding_sb.o [3]
  .text               ro code  0x08001d44    0x2c  xgetmemchunk.o [3]
  .text               ro code  0x08001d70     0x2  I64DivZer.o [5]
  .text               ro code  0x08001d72     0x2  startup_stm32f051x8.o [1]
  .text               ro code  0x08001d74     0x2  IntDivZer.o [5]
  .text               ro code  0x08001d76     0x2  xtls.o [3]
  .rodata             const    0x08001d78  0x1004  lcd.o [1]
  .text               ro code  0x08002d7c   0x75c  stm32f0xx_hal_uart.o [1]
  .text               ro code  0x080034d8   0x174  usart.o [1]
  .text               ro code  0x0800364c   0x26c  stm32f0xx_hal_dma.o [1]
  .text               ro code  0x080038b8     0x2  stm32f0xx_hal_uart.o [1]
  .text               ro code  0x080038ba     0x2  startup_stm32f051x8.o [1]
  .text               ro code  0x080038bc     0x2  stm32f0xx_hal_uart_ex.o [1]
  .text               ro code  0x080038be     0x2  startup_stm32f051x8.o [1]
  .text               ro code  0x080038c0   0x548  stm32f0xx_hal_rcc.o [1]
  .text               ro code  0x08003e08     0xc  stm32f0xx_hal.o [1]
  .text               ro code  0x08003e14     0x2  stm32f0xx_hal_uart.o [1]
  .text               ro code  0x08003e16     0x2  stm32f0xx_hal_uart.o [1]
  .text               ro code  0x08003e18   0x350  main.o [1]
  .text               ro code  0x08004168   0x2b4  stm32f0xx_hal_gpio.o [1]
  .text               ro code  0x0800441c    0xa6  stm32f0xx_hal_cortex.o [1]
  .text               ro code  0x080044c2     0x2  startup_stm32f051x8.o [1]
  .text               ro code  0x080044c4    0x4c  ABImemset.o [5]
  .text               ro code  0x08004510    0x24  stm32f0xx_hal.o [1]
  .text               ro code  0x08004534   0x23c  lcd.o [1]
  .text               ro code  0x08004770    0x38  sprintf.o [3]
  .text               ro code  0x080047a8   0x648  stm32f0xx_hal_spi.o [1]
  .text               ro code  0x08004df0   0x13c  spi.o [1]
  .text               ro code  0x08004f2c    0x20  stm32f0xx_hal.o [1]
  .text               ro code  0x08004f4c    0xb4  gpio.o [1]
  .text               ro code  0x08005000    0x3c  dma.o [1]
  .text               ro code  0x0800503c   0x190  adc.o [1]
  .text               ro code  0x080051cc   0x110  tim.o [1]
  .text               ro code  0x080052dc    0x20  stm32f0xx_hal.o [1]
  .text               ro code  0x080052fc    0xd2  sx1276-Hal.o [1]
  .text               ro code  0x080053ce     0x2  startup_stm32f051x8.o [1]
  .text               ro code  0x080053d0    0x24  printf.o [3]
  .text               ro code  0x080053f4    0x4c  led.o [1]
  .text               ro code  0x08005440    0x38  radio.o [1]
  .text               ro code  0x08005478   0x214  netprocess.o [1]
  .text               ro code  0x0800568c   0x408  dataprocess.o [1]
  .text               ro code  0x08005a94   0x110  stm32f0xx_hal_rcc_ex.o [1]
  .text               ro code  0x08005ba4    0x40  stm32f0xx_hal_msp.o [1]
  .text               ro code  0x08005be4   0x45c  stm32f0xx_hal_adc.o [1]
  .text               ro code  0x08006040   0x36c  stm32f0xx_hal_tim.o [1]
  .text               ro code  0x080063ac    0x4a  stm32f0xx_hal_tim_ex.o [1]
  .text               ro code  0x080063f6     0x2  startup_stm32f051x8.o [1]
  .text               ro code  0x080063f8    0x36  I32ToFlt.o [4]
  .text               ro code  0x0800642e    0xb0  FltMul.o [4]
  .text               ro code  0x080064de     0x2  startup_stm32f051x8.o [1]
  .text               ro code  0x080064e0    0x32  FltToDbl.o [4]
  .text               ro code  0x08006512     0x2  startup_stm32f051x8.o [1]
  .text               ro code  0x08006514    0x58  floor.o [4]
  .text               ro code  0x0800656c    0x20  srand.o [3]
  .text               ro code  0x0800658c    0xcc  rand.o [3]
  .text               ro code  0x08006658   0x730  sx1276-LoRa.o [1]
  .text               ro code  0x08006d88   0x298  rtc.o [1]
  .text               ro code  0x08007020    0x50  protocol.o [1]
  .text               ro code  0x08007070     0x2  stm32f0xx_hal_adc.o [1]
  .text               ro code  0x08007072     0x2  stm32f0xx_hal_adc.o [1]
  .text               ro code  0x08007074     0x2  stm32f0xx_hal_adc.o [1]
  .text               ro code  0x08007076     0x2  stm32f0xx_hal_tim.o [1]
  .text               ro code  0x08007078     0x2  stm32f0xx_hal_tim.o [1]
  .text               ro code  0x0800707a     0x2  stm32f0xx_hal_tim.o [1]
  .text               ro code  0x0800707c     0x2  stm32f0xx_hal_tim_ex.o [1]
  .text               ro code  0x0800707e     0x2  stm32f0xx_hal_tim.o [1]
  .text               ro code  0x08007080     0x2  stm32f0xx_hal_tim_ex.o [1]
  .text               ro code  0x08007082     0x2  startup_stm32f051x8.o [1]
  .text               ro code  0x08007084   0x344  sx1276-LoRaMisc.o [1]
  .text               ro code  0x080073c8    0xaa  FltDiv.o [4]
  .text               ro code  0x08007472    0x62  DblToFlt.o [4]
  .text               ro code  0x080074d4    0x58  ceil.o [4]
  .text               ro code  0x0800752c   0x116  FltAddSub.o [4]
  .text               ro code  0x08007642     0x2  startup_stm32f051x8.o [1]
  .text               ro code  0x08007644   0x4f2  stm32f0xx_hal_rtc.o [1]
  .text               ro code  0x08007b36     0x2  startup_stm32f051x8.o [1]
  .text               ro code  0x08007b38    0x18  stm32f0xx_hal_rtc_ex.o [1]
  .text               ro code  0x08007b50   0x4b0  sx1276-Fsk.o [1]
  .text               ro code  0x08008000    0x48  round.o [4]
  .text               ro code  0x08008048    0x84  xdint.o [4]
  .text               ro code  0x080080cc   0x138  sx1276.o [1]
  .text               ro code  0x08008204    0x8c  stm32f0xx_it.o [1]
  .text               ro code  0x08008290    0x10  stm32f0xx_hal.o [1]
  .text               ro code  0x080082a0    0x70  system_stm32f0xx.o [1]
  .text               ro code  0x08008310    0x3c  zero_init3.o [5]
  .text               ro code  0x0800834c    0x3c  packbits_init_single.o [5]
  .rodata             const    0x08008388    0x28  xprintffull.o [3]
  .text               ro code  0x080083b0    0x28  data_init.o [5]
  .iar.init_table     const    0x080083d8    0x20  - Linker created -
  .text               ro code  0x080083f8    0x1a  cmain.o [5]
  .text               ro code  0x08008412     0x4  low_level_init.o [3]
  .text               ro code  0x08008416     0x8  exit.o [3]
  .text               ro code  0x0800841e     0x2  startup_stm32f051x8.o [1]
  .text               ro code  0x08008420     0xa  cexit.o [5]
  .text               ro code  0x0800842a     0x2  startup_stm32f051x8.o [1]
  .text               ro code  0x0800842c    0x14  exit.o [6]
  .text               ro code  0x08008440    0x16  xprout.o [3]
  .text               ro code  0x08008456     0x2  startup_stm32f051x8.o [1]
  .text               ro code  0x08008458    0x10  putchar.o [3]
  .rodata             const    0x08008468    0x14  sx1276-LoRa.o [1]
  .text               ro code  0x0800847c    0x10  startup_stm32f051x8.o [1]
  .text               ro code  0x0800848c     0xc  cstartup_M.o [5]
  .rodata             const    0x08008498     0x8  system_stm32f0xx.o [1]
  .text               ro code  0x080084a0     0x2  startup_stm32f051x8.o [1]
  .text               ro code  0x080084a2     0x2  startup_stm32f051x8.o [1]
  .text               ro code  0x080084a4     0x2  startup_stm32f051x8.o [1]
  .text               ro code  0x080084a6     0x2  startup_stm32f051x8.o [1]
  .text               ro code  0x080084a8     0x2  startup_stm32f051x8.o [1]
  .text               ro code  0x080084aa     0x2  startup_stm32f051x8.o [1]
  .text               ro code  0x080084ac     0x2  startup_stm32f051x8.o [1]
  .text               ro code  0x080084ae     0x2  startup_stm32f051x8.o [1]
  .rodata             const    0x080084b0     0x0  zero_init3.o [5]
  .rodata             const    0x080084b0     0x0  packbits_init_single.o [5]
  Initializer bytes   const    0x080084b0    0xc9  <for P2-1>
                             - 0x08008579  0x84bd

"P2", part 1 of 3:                          0x4ae
  P2-1                         0x20000000   0x4ae  <Init block>
    .data             inited   0x20000000   0x138  sx1276-Fsk.o [1]
    .data             inited   0x20000138   0x164  sx1276-LoRa.o [1]
    .data             inited   0x2000029c    0x10  led.o [1]
    .data             inited   0x200002ac    0x18  netprocess.o [1]
    .data             inited   0x200002c4    0x1c  sx1276-Fsk.o [1]
    .data             inited   0x200002e0     0x4  system_stm32f0xx.o [1]
    .data             inited   0x200002e4    0x40  xfiles.o [3]
    __DLIB_PERTHREAD  inited   0x20000324    0x8c  rand.o [3]
    __DLIB_PERTHREAD  inited   0x200003b0    0x88  localeconv.o [3]
    __DLIB_PERTHREAD  inited   0x20000438    0x74  setlocale.o [3]
    .data             inited   0x200004ac     0x2  main.o [1]
                             - 0x200004ae   0x4ae

"P2", part 2 of 3:                          0x600
  CSTACK                       0x200004b0   0x400  <Block>
    CSTACK            uninit   0x200004b0   0x400  <Block tail>
  HEAP                         0x200008b0   0x200  <Block>
    HEAP              uninit   0x200008b0   0x200  <Block tail>
                             - 0x20000ab0   0x600

"P2", part 3 of 3:                          0xc8c
  .bss                zero     0x20000ab0   0x884  usart.o [1]
  .bss                zero     0x20001334    0x80  main.o [1]
  .bss                zero     0x200013b4    0x74  sx1276.o [1]
  .bss                zero     0x20001428    0x70  usart.o [1]
  .bss                zero     0x20001498    0x64  spi.o [1]
  .bss                zero     0x200014fc    0x50  xfiles.o [3]
  .bss                zero     0x2000154c    0x4c  adc.o [1]
  .bss                zero     0x20001598    0x48  rtc.o [1]
  .bss                zero     0x200015e0    0x44  adc.o [1]
  .bss                zero     0x20001624    0x44  tim.o [1]
  .bss                zero     0x20001668    0x44  usart.o [1]
  .bss                zero     0x200016ac    0x1c  dataprocess.o [1]
  .bss                zero     0x200016c8    0x18  radio.o [1]
  .bss                zero     0x200016e0    0x10  dataprocess.o [1]
  .bss                zero     0x200016f0     0xc  adc.o [1]
  .bss                zero     0x200016fc     0x8  dataprocess.o [1]
  .bss                zero     0x20001704     0x8  main.o [1]
  .bss                zero     0x2000170c     0x8  main.o [1]
  .bss                zero     0x20001714     0x8  main.o [1]
  .bss                zero     0x2000171c     0x8  netprocess.o [1]
  .bss                zero     0x20001724     0x8  xxmemxmalloc.o [3]
  .bss                zero     0x2000172c     0x4  stm32f0xx_hal.o [1]
  .bss                zero     0x20001730     0x4  xgetmemchunk.o [3]
  .bss                zero     0x20001734     0x1  dataprocess.o [1]
  .bss                zero     0x20001735     0x1  dataprocess.o [1]
  .bss                zero     0x20001736     0x1  dataprocess.o [1]
  .bss                zero     0x20001737     0x1  main.o [1]
  .bss                zero     0x20001738     0x1  rtc.o [1]
                             - 0x20001739   0xc89


*******************************************************************************
*** INIT TABLE
***

          Address     Size
          -------     ----
Zero (__iar_zero_init3)
    1 destination range, total size 0xc89:
          0x20000ab0  0xc89

Copy/packbits (__iar_packbits_init_single3)
    1 source range, total size 0xc9 (16% of destination):
          0x080084b0   0xc9
    1 destination range, total size 0x4ae:
          0x20000000  0x4ae



*******************************************************************************
*** MODULE SUMMARY
***

    Module                   ro code  ro data  rw data
    ------                   -------  -------  -------
D:\01创客学院\01课程设计\03LoRa开发与应用\Day06\05源码\LoRa自组网程序\EWARM\Slave\Obj: [1]
    adc.o                        400               156
    dataprocess.o              1 032                55
    dma.o                         60
    gpio.o                       180
    lcd.o                        572    4 100
    led.o                         76        2       16
    main.o                       848        1      155
    netprocess.o                 532        4       32
    protocol.o                    80
    radio.o                       56                24
    rtc.o                        664                73
    spi.o                        316               100
    startup_stm32f051x8.o        252
    stm32f0xx_hal.o              128                 4
    stm32f0xx_hal_adc.o        1 122
    stm32f0xx_hal_cortex.o       166
    stm32f0xx_hal_dma.o          620
    stm32f0xx_hal_gpio.o         692
    stm32f0xx_hal_msp.o           64
    stm32f0xx_hal_rcc.o        1 352
    stm32f0xx_hal_rcc_ex.o       272
    stm32f0xx_hal_rtc.o        1 266
    stm32f0xx_hal_rtc_ex.o        24
    stm32f0xx_hal_spi.o        1 608
    stm32f0xx_hal_tim.o          884
    stm32f0xx_hal_tim_ex.o        78
    stm32f0xx_hal_uart.o       1 890
    stm32f0xx_hal_uart_ex.o        2
    stm32f0xx_it.o               140
    sx1276-Fsk.o               1 200       57      340
    sx1276-Hal.o                 210
    sx1276-LoRa.o              1 840       80      356
    sx1276-LoRaMisc.o            836
    sx1276.o                     312               116
    system_stm32f0xx.o           112        9        4
    tim.o                        272                68
    usart.o                      372             2 360
    --------------------------------------------------
    Total:                    20 530    4 253    3 859

command line: [2]
    --------------------------------------------------
    Total:

dl6M_tlf.a: [3]
    div.o                         32
    exit.o                         8
    localeconv.o                 104       23      136
    low_level_init.o               4
    printf.o                      36
    putchar.o                     16
    rand.o                       204       24      140
    setlocale.o                   20       19      116
    sprintf.o                     56
    srand.o                       32
    xencoding_sb.o                80
    xfiles.o                               10      144
    xgetmemchunk.o                44                 4
    xmbcurmax.o                   10
    xmbtowc.o                     28
    xprintffull.o              4 810       40
    xprout.o                      22
    xsprout.o                     10
    xtls.o                         2
    xwctomb.o                     24
    xxmemxfree.o                 136
    xxmemxmalloc.o               184                 8
    --------------------------------------------------
    Total:                     5 862      116      548

m6M_tl.a: [4]
    DblAddSub.o                  436
    DblCmpGe.o                    50
    DblCmpLe.o                    50
    DblDiv.o                     194
    DblMul.o                     388
    DblToFlt.o                    98
    DblToI32.o                    82
    FltAddSub.o                  278
    FltDiv.o                     170
    FltMul.o                     176
    FltToDbl.o                    50
    I32ToDbl.o                    52
    I32ToFlt.o                    54
    ceil.o                        88
    floor.o                       88
    round.o                       72
    xdint.o                      132
    xdscale.o                    128
    --------------------------------------------------
    Total:                     2 586

rt6M_tl.a: [5]
    ABImemcpy.o                   92
    ABImemset.o                   76
    I32DivModFast.o              224
    I64DivMod.o                  106
    I64DivZer.o                    2
    IntDivZer.o                    2
    cexit.o                       10
    cmain.o                       26
    cstartup_M.o                  12
    data_init.o                   40
    memchr.o                      24
    packbits_init_single.o        60
    strchr.o                      20
    strlen.o                      16
    zero_init3.o                  60
    --------------------------------------------------
    Total:                       770

shb_l.a: [6]
    exit.o                        20
    --------------------------------------------------
    Total:                        20

    Linker created                         32    1 536
------------------------------------------------------
    Grand Total:              29 768    4 401    5 943


*******************************************************************************
*** ENTRY LIST
***

Entry                      Address    Size  Type      Object
-----                      -------    ----  ----      ------
.iar.init_table$$Base   0x080083d8           --   Gb  - Linker created -
.iar.init_table$$Limit  0x080083f8           --   Gb  - Linker created -
?main                   0x080083f9          Code  Gb  cmain.o [5]
ADC_DMAConvCplt         0x08005f99    0x68  Code  Lc  stm32f0xx_hal_adc.o [1]
ADC_DMAError            0x08006027    0x1a  Code  Lc  stm32f0xx_hal_adc.o [1]
ADC_DMAHalfConvCplt     0x0800601d     0xa  Code  Lc  stm32f0xx_hal_adc.o [1]
ADC_DMA_Value           0x200016f0     0xc  Data  Gb  adc.o [1]
ADC_Enable              0x08005f15    0x68  Code  Lc  stm32f0xx_hal_adc.o [1]
AHBPrescTable           0x08008300    0x10  Data  Gb  system_stm32f0xx.o [1]
APBPrescTable           0x08008498     0x8  Data  Gb  system_stm32f0xx.o [1]
Buffer                  0x20001334    0x80  Data  Gb  main.o [1]
BufferSize              0x200004ac     0x2  Data  Gb  main.o [1]
CSTACK$$Base            0x200004b0           --   Gb  - Linker created -
CSTACK$$Limit           0x200008b0           --   Gb  - Linker created -
DMA1_Channel1_IRQHandler
                        0x08008223     0xa  Code  Gb  stm32f0xx_it.o [1]
DMA1_Channel2_3_IRQHandler
                        0x0800822d     0xa  Code  Gb  stm32f0xx_it.o [1]
DMA_CalcBaseAndBitshift
                        0x08003897    0x1a  Code  Lc  stm32f0xx_hal_dma.o [1]
DMA_SetConfig           0x08003875    0x22  Code  Lc  stm32f0xx_hal_dma.o [1]
DataChunkSize           0x200002c4     0x1  Data  Lc  sx1276-Fsk.o [1]
DataCrcVerify           0x08007051    0x20  Code  Gb  protocol.o [1]
DataPacke_t             0x200016e0    0x10  Data  Gb  dataprocess.o [1]
DataUpTime              0x200002b8     0x4  Data  Gb  netprocess.o [1]
DataUpTimeHours         0x200002af     0x1  Data  Gb  netprocess.o [1]
DataUpTimeMinute        0x200002b0     0x1  Data  Gb  netprocess.o [1]
DataUpTimePeriod        0x200002b4     0x4  Data  Gb  netprocess.o [1]
DataUpTimeSeconds       0x200002b1     0x1  Data  Gb  netprocess.o [1]
DataUpTimeSubSeconds    0x200002c0     0x4  Data  Gb  netprocess.o [1]
EnableMaster            0x20001704     0x1  Data  Gb  main.o [1]
FskSettings             0x20000000    0x1c  Data  Gb  sx1276-Fsk.o [1]
GetTimeHMS              0x08006f7d    0x48  Code  Gb  rtc.o [1]
Gui_DrawFont_GBK16      0x080046e7    0x76  Code  Gb  lcd.o [1]
Gui_DrawPoint           0x080046cf    0x18  Code  Gb  lcd.o [1]
HAL_ADC_ConfigChannel   0x08005dfd   0x10a  Code  Gb  stm32f0xx_hal_adc.o [1]
HAL_ADC_ConvCpltCallback
                        0x08007071     0x2  Code  Wk  stm32f0xx_hal_adc.o [1]
HAL_ADC_ConvHalfCpltCallback
                        0x08007073     0x2  Code  Wk  stm32f0xx_hal_adc.o [1]
HAL_ADC_ErrorCallback   0x08007075     0x2  Code  Wk  stm32f0xx_hal_adc.o [1]
HAL_ADC_Init            0x08005be5   0x16a  Code  Gb  stm32f0xx_hal_adc.o [1]
HAL_ADC_MspInit         0x080050fd    0x6a  Code  Gb  adc.o [1]
HAL_ADC_Start_DMA       0x08005d5d    0x9a  Code  Gb  stm32f0xx_hal_adc.o [1]
HAL_DMA_Abort           0x08003721    0x34  Code  Gb  stm32f0xx_hal_dma.o [1]
HAL_DMA_Abort_IT        0x08003755    0x4c  Code  Gb  stm32f0xx_hal_dma.o [1]
HAL_DMA_IRQHandler      0x080037a1    0xd4  Code  Gb  stm32f0xx_hal_dma.o [1]
HAL_DMA_Init            0x0800364d    0x5a  Code  Gb  stm32f0xx_hal_dma.o [1]
HAL_DMA_Start_IT        0x080036ad    0x74  Code  Gb  stm32f0xx_hal_dma.o [1]
HAL_Delay               0x080052dd    0x20  Code  Wk  stm32f0xx_hal.o [1]
HAL_GPIO_DeInit         0x080042f7    0xf6  Code  Gb  stm32f0xx_hal_gpio.o [1]
HAL_GPIO_Init           0x08004169   0x18e  Code  Gb  stm32f0xx_hal_gpio.o [1]
HAL_GPIO_ReadPin        0x080043ed     0xc  Code  Gb  stm32f0xx_hal_gpio.o [1]
HAL_GPIO_WritePin       0x080043f9     0xc  Code  Gb  stm32f0xx_hal_gpio.o [1]
HAL_GetTick             0x08003e09     0xc  Code  Wk  stm32f0xx_hal.o [1]
HAL_IncTick             0x08008291    0x10  Code  Wk  stm32f0xx_hal.o [1]
HAL_Init                0x08004f2d    0x1a  Code  Gb  stm32f0xx_hal.o [1]
HAL_InitTick            0x08004511    0x24  Code  Wk  stm32f0xx_hal.o [1]
HAL_MspInit             0x08005ba5    0x40  Code  Gb  stm32f0xx_hal_msp.o [1]
HAL_NVIC_EnableIRQ      0x08004459     0xe  Code  Gb  stm32f0xx_hal_cortex.o [1]
HAL_NVIC_SetPriority    0x08004451     0x8  Code  Gb  stm32f0xx_hal_cortex.o [1]
HAL_RCCEx_PeriphCLKConfig
                        0x08005a95    0xf8  Code  Gb  stm32f0xx_hal_rcc_ex.o [1]
HAL_RCC_ClockConfig     0x08003c21   0x126  Code  Gb  stm32f0xx_hal_rcc.o [1]
HAL_RCC_GetHCLKFreq     0x08003da3     0x6  Code  Gb  stm32f0xx_hal_rcc.o [1]
HAL_RCC_GetPCLK1Freq    0x08003dad    0x14  Code  Gb  stm32f0xx_hal_rcc.o [1]
HAL_RCC_GetSysClockFreq
                        0x08003d51    0x52  Code  Gb  stm32f0xx_hal_rcc.o [1]
HAL_RCC_OscConfig       0x080038c1   0x35a  Code  Gb  stm32f0xx_hal_rcc.o [1]
HAL_RTCEx_BKUPRead      0x08007b45     0xc  Code  Gb  stm32f0xx_hal_rtc_ex.o [1]
HAL_RTCEx_BKUPWrite     0x08007b39     0xc  Code  Gb  stm32f0xx_hal_rtc_ex.o [1]
HAL_RTC_AlarmAEventCallback
                        0x08006eb1    0x96  Code  Gb  rtc.o [1]
HAL_RTC_AlarmIRQHandler
                        0x08007a5d    0x34  Code  Gb  stm32f0xx_hal_rtc.o [1]
HAL_RTC_GetDate         0x080078df    0x3e  Code  Gb  stm32f0xx_hal_rtc.o [1]
HAL_RTC_GetTime         0x080077db    0x4c  Code  Gb  stm32f0xx_hal_rtc.o [1]
HAL_RTC_Init            0x08007645    0xa6  Code  Gb  stm32f0xx_hal_rtc.o [1]
HAL_RTC_MspInit         0x08006e87    0x2a  Code  Gb  rtc.o [1]
HAL_RTC_SetAlarm_IT     0x08007929   0x110  Code  Gb  stm32f0xx_hal_rtc.o [1]
HAL_RTC_SetDate         0x08007827    0xb8  Code  Gb  stm32f0xx_hal_rtc.o [1]
HAL_RTC_SetTime         0x080076eb    0xf0  Code  Gb  stm32f0xx_hal_rtc.o [1]
HAL_RTC_WaitForSynchro  0x08007a91    0x30  Code  Gb  stm32f0xx_hal_rtc.o [1]
HAL_SPI_DeInit          0x0800485d    0x2a  Code  Gb  stm32f0xx_hal_spi.o [1]
HAL_SPI_Init            0x080047a9    0xb4  Code  Gb  stm32f0xx_hal_spi.o [1]
HAL_SPI_MspDeInit       0x08004e77    0x20  Code  Gb  spi.o [1]
HAL_SPI_MspInit         0x08004e39    0x3e  Code  Gb  spi.o [1]
HAL_SPI_Transmit        0x08004887   0x18e  Code  Gb  stm32f0xx_hal_spi.o [1]
HAL_SPI_TransmitReceive
                        0x08004a1d   0x248  Code  Gb  stm32f0xx_hal_spi.o [1]
HAL_SYSTICK_CLKSourceConfig
                        0x0800448f    0x18  Code  Gb  stm32f0xx_hal_cortex.o [1]
HAL_SYSTICK_Callback    0x080044c1     0x2  Code  Wk  stm32f0xx_hal_cortex.o [1]
HAL_SYSTICK_Config      0x08004467    0x28  Code  Gb  stm32f0xx_hal_cortex.o [1]
HAL_SYSTICK_IRQHandler  0x080044b9     0x8  Code  Gb  stm32f0xx_hal_cortex.o [1]
HAL_TIMEx_BreakCallback
                        0x0800707d     0x2  Code  Wk  stm32f0xx_hal_tim_ex.o [1]
HAL_TIMEx_CommutationCallback
                        0x08007081     0x2  Code  Wk  stm32f0xx_hal_tim_ex.o [1]
HAL_TIMEx_MasterConfigSynchronization
                        0x080063ad    0x42  Code  Gb  stm32f0xx_hal_tim_ex.o [1]
HAL_TIM_Base_Init       0x08006041    0x1e  Code  Gb  stm32f0xx_hal_tim.o [1]
HAL_TIM_Base_MspInit    0x08005237    0x32  Code  Gb  tim.o [1]
HAL_TIM_ConfigClockSource
                        0x080061c3    0xcc  Code  Gb  stm32f0xx_hal_tim.o [1]
HAL_TIM_IC_CaptureCallback
                        0x08007077     0x2  Code  Wk  stm32f0xx_hal_tim.o [1]
HAL_TIM_IRQHandler      0x08006073   0x150  Code  Gb  stm32f0xx_hal_tim.o [1]
HAL_TIM_OC_DelayElapsedCallback
                        0x08007079     0x2  Code  Wk  stm32f0xx_hal_tim.o [1]
HAL_TIM_PWM_PulseFinishedCallback
                        0x0800707b     0x2  Code  Wk  stm32f0xx_hal_tim.o [1]
HAL_TIM_PeriodElapsedCallback
                        0x08005269    0x12  Code  Gb  tim.o [1]
HAL_TIM_TriggerCallback
                        0x0800707f     0x2  Code  Wk  stm32f0xx_hal_tim.o [1]
HAL_UARTEx_WakeupCallback
                        0x080038bd     0x2  Code  Wk  stm32f0xx_hal_uart_ex.o [1]
HAL_UART_DMAStop        0x08002e77    0x58  Code  Gb  stm32f0xx_hal_uart.o [1]
HAL_UART_ErrorCallback  0x080038b9     0x2  Code  Wk  stm32f0xx_hal_uart.o [1]
HAL_UART_IRQHandler     0x08002edd   0x12e  Code  Gb  stm32f0xx_hal_uart.o [1]
HAL_UART_Init           0x08002d7d    0x56  Code  Gb  stm32f0xx_hal_uart.o [1]
HAL_UART_MspInit        0x0800350d    0x82  Code  Gb  usart.o [1]
HAL_UART_Receive_DMA    0x08002de9    0x8e  Code  Gb  stm32f0xx_hal_uart.o [1]
HAL_UART_RxCpltCallback
                        0x0800358f    0x4c  Code  Gb  usart.o [1]
HAL_UART_RxHalfCpltCallback
                        0x08003e15     0x2  Code  Wk  stm32f0xx_hal_uart.o [1]
HAL_UART_TxCpltCallback
                        0x08003e17     0x2  Code  Wk  stm32f0xx_hal_uart.o [1]
HEAP$$Base              0x200008b0           --   Gb  - Linker created -
HEAP$$Limit             0x20000ab0           --   Gb  - Linker created -
HardFault_Handler       0x08008207     0x2  Code  Gb  stm32f0xx_it.o [1]
HoppingFrequencies      0x08006cbc    0xcc  Data  Gb  sx1276-LoRa.o [1]
JionNodeTimeCount       0x20001664     0x4  Data  Gb  tim.o [1]
LCD_GPIO_Init           0x08004535    0x32  Code  Gb  lcd.o [1]
LCD_WriteData_16Bit     0x080045b5    0x52  Code  Gb  lcd.o [1]
Lcd_Clear               0x080046a5    0x2a  Code  Gb  lcd.o [1]
Lcd_Init                0x08004607    0x48  Code  Gb  lcd.o [1]
Lcd_SetRegion           0x0800464f    0x56  Code  Gb  lcd.o [1]
Lcd_WriteData           0x0800457f    0x16  Code  Gb  lcd.o [1]
Lcd_WriteIndex          0x08004567    0x18  Code  Gb  lcd.o [1]
LedBlink                0x0800540d    0x28  Code  Gb  led.o [1]
LedOff                  0x080053f5     0x4  Code  Gb  led.o [1]
LedPin                  0x08005438     0x8  Data  Gb  led.o [1]
LedPort                 0x2000029c    0x10  Data  Gb  led.o [1]
LoRaOn                  0x200013b4     0x1  Data  Lc  sx1276.o [1]
LoRaOnState             0x200013b5     0x1  Data  Lc  sx1276.o [1]
LoRaSettings            0x20000138    0x1c  Data  Gb  sx1276-LoRa.o [1]
LoadInt                 0x08000747    0x68  Code  Lc  xprintffull.o [3]
MLCD_Show               0x08003e19    0x16  Code  Gb  main.o [1]
MX_ADC_Init             0x0800503d    0xc0  Code  Gb  adc.o [1]
MX_DMA_Init             0x08005001    0x3c  Code  Gb  dma.o [1]
MX_GPIO_Init            0x08004f4d    0xb4  Code  Gb  gpio.o [1]
MX_RTC_Init             0x08006d89    0xfe  Code  Gb  rtc.o [1]
MX_SPI1_Init            0x08004df1    0x48  Code  Gb  spi.o [1]
MX_TIM2_Init            0x080051cd    0x6a  Code  Gb  tim.o [1]
MX_USART1_UART_Init     0x080034d9    0x34  Code  Gb  usart.o [1]
Master_RxNumber         0x2000170c     0x4  Data  Gb  main.o [1]
Master_TxNumber         0x20001710     0x4  Data  Gb  main.o [1]
NMI_Handler             0x08008205     0x2  Code  Gb  stm32f0xx_it.o [1]
NVIC_SetPriority        0x0800441d    0x34  Code  Lc  stm32f0xx_hal_cortex.o [1]
NetStatus               0x2000171c     0x1  Data  Gb  netprocess.o [1]
PacketDetected          0x200002c7     0x1  Data  Lc  sx1276-Fsk.o [1]
PacketTimeout           0x200002cc     0x4  Data  Lc  sx1276-Fsk.o [1]
PacketTimeout           0x20000198     0x4  Data  Lc  sx1276-LoRa.o [1]
PendSV_Handler          0x0800820b     0x2  Code  Gb  stm32f0xx_it.o [1]
Preamble2SyncTimeout    0x200002d0     0x4  Data  Lc  sx1276-Fsk.o [1]
Preamble2SyncTimer      0x200002d8     0x4  Data  Lc  sx1276-Fsk.o [1]
PreambleDetected        0x200002c5     0x1  Data  Lc  sx1276-Fsk.o [1]
RFBuffer                0x20000038   0x100  Data  Lc  sx1276-Fsk.o [1]
RFBuffer                0x2000019c   0x100  Data  Lc  sx1276-LoRa.o [1]
RFLRState               0x20000154     0x1  Data  Lc  sx1276-LoRa.o [1]
RFState                 0x2000001c     0x1  Data  Lc  sx1276-Fsk.o [1]
RTC_Bcd2ToByte          0x08007b27    0x10  Code  Gb  stm32f0xx_hal_rtc.o [1]
RTC_ByteToBcd2          0x08007b11    0x16  Code  Gb  stm32f0xx_hal_rtc.o [1]
RTC_EnterInitMode       0x08007ac9    0x36  Code  Gb  stm32f0xx_hal_rtc.o [1]
RTC_IRQHandler          0x08008219     0xa  Code  Gb  stm32f0xx_it.o [1]
Radio                   0x20001708     0x4  Data  Gb  main.o [1]
RadioDriver             0x200016c8    0x18  Data  Gb  radio.o [1]
RadioDriverInit         0x08005441    0x38  Code  Gb  radio.o [1]
RandomNumber            0x08005479    0x84  Code  Gb  netprocess.o [1]
Region$$Table$$Base     0x080083d8           --   Gb  - Linker created -
Region$$Table$$Limit    0x080083f8           --   Gb  - Linker created -
RxBytesRead             0x200002c8     0x1  Data  Lc  sx1276-Fsk.o [1]
RxDataPacketNum         0x0800568d    0x10  Code  Gb  dataprocess.o [1]
RxGain                  0x2000001d     0x1  Data  Lc  sx1276-Fsk.o [1]
RxPacketAfcValue        0x20000034     0x4  Data  Lc  sx1276-Fsk.o [1]
RxPacketRssiValue       0x20000028     0x8  Data  Lc  sx1276-Fsk.o [1]
RxPacketRssiValue       0x20000160     0x8  Data  Lc  sx1276-LoRa.o [1]
RxPacketSize            0x20000020     0x2  Data  Lc  sx1276-Fsk.o [1]
RxPacketSize            0x20000158     0x2  Data  Lc  sx1276-LoRa.o [1]
RxPacketSnrEstimate     0x20000155     0x1  Data  Lc  sx1276-LoRa.o [1]
RxTimeoutTimer          0x200002d4     0x4  Data  Lc  sx1276-Fsk.o [1]
RxTimeoutTimer          0x20000194     0x4  Data  Lc  sx1276-LoRa.o [1]
SLCD_Show               0x08003e2f    0x14  Code  Gb  main.o [1]
SPI_EndRxTxTransaction  0x08004da1    0x4c  Code  Lc  stm32f0xx_hal_spi.o [1]
SPI_WaitFifoStateUntilTimeout
                        0x08004cfd    0xa4  Code  Lc  stm32f0xx_hal_spi.o [1]
SPI_WaitFlagStateUntilTimeout
                        0x08004c69    0x94  Code  Lc  stm32f0xx_hal_spi.o [1]
SVC_Handler             0x08008209     0x2  Code  Gb  stm32f0xx_it.o [1]
SX1276                  0x20000030     0x4  Data  Gb  sx1276-Fsk.o [1]
SX1276FskGetPacketPayloadSize
                        0x08007c29    0x32  Code  Gb  sx1276-Fsk.o [1]
SX1276FskGetRxPacket    0x08007bf9    0x18  Code  Gb  sx1276-Fsk.o [1]
SX1276FskProcess        0x08007c71   0x37e  Code  Gb  sx1276-Fsk.o [1]
SX1276FskReadAfc        0x08007b8f    0x18  Code  Gb  sx1276-Fsk.o [1]
SX1276FskReadRssi       0x08007bd9    0x20  Code  Gb  sx1276-Fsk.o [1]
SX1276FskReadRxGain     0x08007bc3    0x16  Code  Gb  sx1276-Fsk.o [1]
SX1276FskSetOpMode      0x08007b51    0x3e  Code  Gb  sx1276-Fsk.o [1]
SX1276FskSetOpMode::antennaSwitchTxOnPrev
                        0x2000001e     0x1  Data  Lc  sx1276-Fsk.o [1]
SX1276FskSetRFState     0x08007c5b     0x6  Code  Gb  sx1276-Fsk.o [1]
SX1276FskSetTxPacket    0x08007c11    0x18  Code  Gb  sx1276-Fsk.o [1]
SX1276GetRxPacket       0x080081b3    0x16  Code  Gb  sx1276.o [1]
SX1276Init              0x080080cd    0x24  Code  Gb  sx1276.o [1]
SX1276InitIo            0x080052fd     0x2  Code  Gb  sx1276-Hal.o [1]
SX1276LR                0x20000190     0x4  Data  Gb  sx1276-LoRa.o [1]
SX1276LoRaGetLowDatarateOptimize
                        0x08007379    0x1a  Code  Gb  sx1276-LoRaMisc.o [1]
SX1276LoRaGetPreambleLength
                        0x08007241    0x1e  Code  Gb  sx1276-LoRaMisc.o [1]
SX1276LoRaGetRxPacket   0x08006739    0x16  Code  Gb  sx1276-LoRa.o [1]
SX1276LoRaGetTransferTime
                        0x08006b73    0xc4  Code  Gb  sx1276-LoRa.o [1]
SX1276LoRaInit          0x08006659    0x92  Code  Gb  sx1276-LoRa.o [1]
SX1276LoRaProcess       0x08006781   0x3f2  Code  Gb  sx1276-LoRa.o [1]
SX1276LoRaSetDefaults   0x080066eb    0x10  Code  Gb  sx1276-LoRa.o [1]
SX1276LoRaSetErrorCoding
                        0x080071e1    0x2e  Code  Gb  sx1276-LoRaMisc.o [1]
SX1276LoRaSetImplicitHeaderOn
                        0x08007269    0x2c  Code  Gb  sx1276-LoRaMisc.o [1]
SX1276LoRaSetLowDatarateOptimize
                        0x0800734b    0x2e  Code  Gb  sx1276-LoRaMisc.o [1]
SX1276LoRaSetNbTrigPeaks
                        0x08007393    0x2c  Code  Gb  sx1276-LoRaMisc.o [1]
SX1276LoRaSetOpMode     0x080066fb    0x3e  Code  Gb  sx1276-LoRa.o [1]
SX1276LoRaSetOpMode::antennaSwitchTxOnPrev
                        0x20000156     0x1  Data  Lc  sx1276-LoRa.o [1]
SX1276LoRaSetPAOutput   0x080072ef    0x28  Code  Gb  sx1276-LoRaMisc.o [1]
SX1276LoRaSetPa20dBm    0x080072b1    0x3e  Code  Gb  sx1276-LoRaMisc.o [1]
SX1276LoRaSetPacketCrcOn
                        0x0800720f    0x2e  Code  Gb  sx1276-LoRaMisc.o [1]
SX1276LoRaSetPayloadLength
                        0x08007295    0x1c  Code  Gb  sx1276-LoRaMisc.o [1]
SX1276LoRaSetRFFrequency
                        0x08007085    0x36  Code  Gb  sx1276-LoRaMisc.o [1]
SX1276LoRaSetRFPower    0x080070bb    0xb0  Code  Gb  sx1276-LoRaMisc.o [1]
SX1276LoRaSetRFState    0x08006767     0x6  Code  Gb  sx1276-LoRa.o [1]
SX1276LoRaSetSignalBandwidth
                        0x0800716b    0x2e  Code  Gb  sx1276-LoRaMisc.o [1]
SX1276LoRaSetSpreadingFactor
                        0x08007199    0x48  Code  Gb  sx1276-LoRaMisc.o [1]
SX1276LoRaSetSymbTimeout
                        0x08007317    0x34  Code  Gb  sx1276-LoRaMisc.o [1]
SX1276LoRaSetTxPacket   0x0800674f    0x18  Code  Gb  sx1276-LoRa.o [1]
SX1276Process           0x080081df    0x16  Code  Gb  sx1276.o [1]
SX1276Read              0x0800530d     0xa  Code  Gb  sx1276-Hal.o [1]
SX1276ReadBuffer        0x0800534b    0x34  Code  Gb  sx1276-Hal.o [1]
SX1276ReadDio0          0x080053a7     0x8  Code  Gb  sx1276-Hal.o [1]
SX1276ReadDio1          0x080053af     0x6  Code  Gb  sx1276-Hal.o [1]
SX1276ReadDio2          0x080053bf     0x6  Code  Gb  sx1276-Hal.o [1]
SX1276ReadDio3          0x080053c5     0x4  Code  Gb  sx1276-Hal.o [1]
SX1276ReadDio4          0x080053c9     0x4  Code  Gb  sx1276-Hal.o [1]
SX1276ReadFifo          0x08005399     0xe  Code  Gb  sx1276-Hal.o [1]
SX1276Regs              0x200013b8    0x70  Data  Gb  sx1276.o [1]
SX1276Reset             0x080080f1    0x2e  Code  Gb  sx1276.o [1]
SX1276SetLoRaOn         0x0800811f    0x7a  Code  Gb  sx1276.o [1]
SX1276SetReset          0x080052ff     0x2  Code  Gb  sx1276-Hal.o [1]
SX1276SetTxPacket       0x080081c9    0x16  Code  Gb  sx1276.o [1]
SX1276StartRx           0x08008199    0x1a  Code  Gb  sx1276.o [1]
SX1276Write             0x08005301     0xc  Code  Gb  sx1276-Hal.o [1]
SX1276WriteBuffer       0x08005317    0x34  Code  Gb  sx1276-Hal.o [1]
SX1276WriteFifo         0x0800538b     0xe  Code  Gb  sx1276-Hal.o [1]
SX1276WriteRxTx         0x080053cd     0x2  Code  Gb  sx1276-Hal.o [1]
SendDataOkFlag          0x20001737     0x1  Data  Gb  main.o [1]
SendJionNetPacke        0x0800578d    0x38  Code  Gb  dataprocess.o [1]
SendSensorDataUP        0x080059dd    0x48  Code  Gb  dataprocess.o [1]
SignalBw                0x20000168    0x28  Data  Gb  sx1276-LoRa.o [1]
SlaveGetSendTime        0x0800555d    0x78  Code  Gb  netprocess.o [1]
SlaveJionNetFuction     0x080054fd    0x60  Code  Gb  netprocess.o [1]
SlaveProtocolAnalysis   0x080057f1   0x15a  Code  Gb  dataprocess.o [1]
Slave_RxNumber          0x20001714     0x4  Data  Gb  main.o [1]
Slave_TxNumber          0x20001718     0x4  Data  Gb  main.o [1]
SpiInOut                0x08004e97    0x28  Code  Gb  spi.o [1]
Sx127xDataGet           0x080056b5    0x8e  Code  Gb  dataprocess.o [1]
Sx127xGetSendTime       0x08006c3d    0x30  Code  Gb  sx1276-LoRa.o [1]
SyncWordDetected        0x200002c6     0x1  Data  Lc  sx1276-Fsk.o [1]
SysTick_Handler         0x0800820d     0xc  Code  Gb  stm32f0xx_it.o [1]
SystemClock_Config      0x08004005    0x86  Code  Gb  main.o [1]
SystemCoreClock         0x200002e0     0x4  Data  Gb  system_stm32f0xx.o [1]
SystemInit              0x080082a1    0x48  Code  Gb  system_stm32f0xx.o [1]
TIM2_IRQHandler         0x08008237     0xa  Code  Gb  stm32f0xx_it.o [1]
TIM_Base_SetConfig      0x08006299    0x7e  Code  Gb  stm32f0xx_hal_tim.o [1]
TIM_ETR_SetConfig       0x08006391    0x14  Code  Gb  stm32f0xx_hal_tim.o [1]
TIM_ITRx_SetConfig      0x08006381    0x10  Code  Lc  stm32f0xx_hal_tim.o [1]
TIM_TI1_ConfigInputStage
                        0x08006339    0x22  Code  Lc  stm32f0xx_hal_tim.o [1]
TIM_TI2_ConfigInputStage
                        0x0800635b    0x24  Code  Lc  stm32f0xx_hal_tim.o [1]
TxBytesSent             0x200002c9     0x1  Data  Lc  sx1276-Fsk.o [1]
TxDataPacketNum         0x0800569d     0xe  Code  Gb  dataprocess.o [1]
TxPacketSize            0x20000022     0x2  Data  Lc  sx1276-Fsk.o [1]
TxPacketSize            0x2000015a     0x2  Data  Lc  sx1276-LoRa.o [1]
TxTimeoutTimer          0x200002dc     0x4  Data  Lc  sx1276-Fsk.o [1]
UART_AdvFeatureConfig   0x08003125    0xc8  Code  Gb  stm32f0xx_hal_uart.o [1]
UART_CheckIdleState     0x080031f1    0x6a  Code  Gb  stm32f0xx_hal_uart.o [1]
UART_DMAAbortOnError    0x080033c9    0x14  Code  Lc  stm32f0xx_hal_uart.o [1]
UART_DMAError           0x08003383    0x46  Code  Lc  stm32f0xx_hal_uart.o [1]
UART_DMAReceiveCplt     0x08003309    0x3e  Code  Lc  stm32f0xx_hal_uart.o [1]
UART_DMARxHalfCplt      0x08003379     0xa  Code  Lc  stm32f0xx_hal_uart.o [1]
UART_EndRxTransfer      0x080032e3    0x1c  Code  Lc  stm32f0xx_hal_uart.o [1]
UART_EndTransmit_IT     0x08003441    0x1a  Code  Gb  stm32f0xx_hal_uart.o [1]
UART_EndTxTransfer      0x080032d1    0x12  Code  Lc  stm32f0xx_hal_uart.o [1]
UART_Receive_IT         0x0800345b    0x70  Code  Gb  stm32f0xx_hal_uart.o [1]
UART_SetConfig          0x0800300d   0x112  Code  Gb  stm32f0xx_hal_uart.o [1]
UART_Transmit_IT        0x080033dd    0x64  Code  Gb  stm32f0xx_hal_uart.o [1]
UART_WaitOnFlagUntilTimeout
                        0x08003261    0x62  Code  Gb  stm32f0xx_hal_uart.o [1]
USART1_IRQHandler       0x08008241    0x36  Code  Gb  stm32f0xx_it.o [1]
UsartType1              0x20000ab0   0x804  Data  Gb  usart.o [1]
Zk_ASCII8X16            0x08001d78  0x1004  Data  Gb  lcd.o [1]
_EncodingSb_Mbtowc      0x08001d09    0x2c  Code  Gb  xencoding_sb.o [3]
_EncodingSb_Mbtowc::initial
                        0x08001d3c     0x8  Data  Lc  xencoding_sb.o [3]
_EncodingSb_Wctomb      0x08001cf5    0x14  Code  Gb  xencoding_sb.o [3]
_EncodingSb_Wctomb::initial
                        0x08001d34     0x8  Data  Lc  xencoding_sb.o [3]
_Error_Handler          0x080040d5     0x2  Code  Gb  main.o [1]
_GenldFull              0x0800107d   0x2d6  Code  Lc  xprintffull.o [3]
_IsdstStr               0x2000043c     0x4  Data  Gb  setlocale.o [3]
_LdtobFull              0x08000c05   0x464  Code  Lc  xprintffull.o [3]
_LitobFull              0x08000ad5   0x12a  Code  Lc  xprintffull.o [3]
_LocaleEncoding         0x08001ce1     0xc  Code  Gb  setlocale.o [3]
_LocaleReturnString     0x2000045c    0x50  Data  Lc  setlocale.o [3]
_Locale_Profile         0x20000440    0x1c  Data  Gb  setlocale.o [3]
_Locale_aeabi_lconv     0x20000400    0x38  Data  Gb  localeconv.o [3]
_Locale_lconv           0x200003b0    0x50  Data  Gb  localeconv.o [3]
_Mbtowc                 0x08001387    0x1c  Code  Gb  xmbtowc.o [3]
_PrintfFull             0x080000bd   0x68a  Code  Gb  xprintffull.o [3]
_Prout                  0x08008441    0x16  Code  Gb  xprout.o [3]
_PutcharsFull           0x08001357    0x30  Code  Lc  xprintffull.o [3]
_PutstrFull             0x080007b1   0x324  Code  Lc  xprintffull.o [3]
_Rand_idx               0x2000032c     0x4  Data  Lc  rand.o [3]
_Rand_rv                0x20000330    0x80  Data  Lc  rand.o [3]
_Randinit               0x20000324     0x1  Data  Gb  rand.o [3]
_Randseed               0x20000328     0x4  Data  Gb  rand.o [3]
_SProut                 0x0800166b     0xa  Code  Gb  xsprout.o [3]
_TzoneStr               0x20000438     0x4  Data  Gb  setlocale.o [3]
_Wctomb                 0x080014a1    0x18  Code  Gb  xwctomb.o [3]
__ICFEDIT_region_RAM_end__ {Abs}
                        0x20001fff          Data  Gb  command line/config [2]
__ICFEDIT_region_RAM_start__ {Abs}
                        0x20000000          Data  Gb  command line/config [2]
__aeabi_cdcmple         0x08001607          Code  Gb  DblCmpLe.o [4]
__aeabi_cdrcmple        0x08001639          Code  Gb  DblCmpGe.o [4]
__aeabi_d2f             0x08007473          Code  Gb  DblToFlt.o [4]
__aeabi_d2iz            0x080016f5          Code  Gb  DblToI32.o [4]
__aeabi_d2uiz           0x08001719          Code  Gb  DblToI32.o [4]
__aeabi_dadd            0x0800177d          Code  Gb  DblAddSub.o [4]
__aeabi_ddiv            0x08001b95          Code  Gb  DblDiv.o [4]
__aeabi_dmul            0x08001a11          Code  Gb  DblMul.o [4]
__aeabi_dsub            0x08001843          Code  Gb  DblAddSub.o [4]
__aeabi_f2d             0x080064e1          Code  Gb  FltToDbl.o [4]
__aeabi_fadd            0x0800752d          Code  Gb  FltAddSub.o [4]
__aeabi_fdiv            0x080073c9          Code  Gb  FltDiv.o [4]
__aeabi_fmul            0x0800642f          Code  Gb  FltMul.o [4]
__aeabi_i2d             0x08001749          Code  Gb  I32ToDbl.o [4]
__aeabi_i2f             0x080063f9          Code  Gb  I32ToFlt.o [4]
__aeabi_idiv            0x0800195d          Code  Gb  I32DivModFast.o [5]
__aeabi_idiv0           0x08001d75          Code  Gb  IntDivZer.o [5]
__aeabi_idivmod         0x0800195d          Code  Gb  I32DivModFast.o [5]
__aeabi_ldiv0           0x08001d71          Code  Gb  I64DivZer.o [5]
__aeabi_memclr          0x08004509          Code  Gb  ABImemset.o [5]
__aeabi_memclr4         0x0800450d          Code  Gb  ABImemset.o [5]
__aeabi_memclr8         0x0800450d          Code  Gb  ABImemset.o [5]
__aeabi_memcpy          0x080014b9          Code  Gb  ABImemcpy.o [5]
__aeabi_memcpy4         0x080014e1          Code  Wk  ABImemcpy.o [5]
__aeabi_ui2d            0x0800175d          Code  Gb  I32ToDbl.o [4]
__aeabi_ui2f            0x08006411          Code  Gb  I32ToFlt.o [4]
__aeabi_uidiv           0x08001963          Code  Gb  I32DivModFast.o [5]
__aeabi_uidivmod        0x08001963          Code  Gb  I32DivModFast.o [5]
__aeabi_uldivmod        0x0800159d          Code  Gb  I64DivMod.o [5]
__cmain                 0x080083f9          Code  Gb  cmain.o [5]
__data_Aldata           0x20001724     0x8  Data  Gb  xxmemxmalloc.o [3]
__data_GetMemChunk      0x08001d45    0x2c  Code  Gb  xgetmemchunk.o [3]
__data_GetMemChunk::start
                        0x20001730     0x4  Data  Lc  xgetmemchunk.o [3]
__exit                  0x0800842d    0x14  Code  Gb  exit.o [6]
__iar_Dint              0x08008049    0x84  Code  Gb  xdint.o [4]
__iar_Dscale            0x08001675    0x80  Code  Gb  xdscale.o [4]
__iar_Locale_lconv_init
                        0x08001c59    0x32  Code  Gb  localeconv.o [3]
__iar_Mbcurmax          0x080013df     0xa  Code  Gb  xmbcurmax.o [3]
__iar_Memchr            0x080013c7    0x18  Code  Gb  memchr.o [5]
__iar_Memset4_word      0x080044d9          Code  Gb  ABImemset.o [5]
__iar_Memset_word       0x080044c5          Code  Gb  ABImemset.o [5]
__iar_Stdout            0x200002e4    0x40  Data  Gb  xfiles.o [3]
__iar_Strchr            0x080013a3    0x14  Code  Gb  strchr.o [5]
__iar_ceil              0x080074d5          Code  Gb  ceil.o [4]
__iar_ceill             0x080074d5          Code  Gb  ceil.o [4]
__iar_d2uiz             0x0800171d          Code  Gb  DblToI32.o [4]
__iar_data_init3        0x080083b1    0x28  Code  Gb  data_init.o [5]
__iar_dlib_perthread_access
                        0x08001d77     0x2  Code  Gb  xtls.o [3]
__iar_floor             0x08006515          Code  Gb  floor.o [4]
__iar_floorl            0x08006515          Code  Gb  floor.o [4]
__iar_packbits_init_single3
                        0x0800834d    0x3c  Code  Gb  packbits_init_single.o [5]
__iar_program_start     0x0800848d          Code  Gb  cstartup_M.o [5]
__iar_ui2d              0x08001761          Code  Gb  I32ToDbl.o [4]
__iar_ui2f              0x08006415          Code  Gb  I32ToFlt.o [4]
__iar_zero_init3        0x08008311    0x3c  Code  Gb  zero_init3.o [5]
__low_level_init        0x08008413     0x4  Code  Gb  low_level_init.o [3]
__vector_table          0x08000000          Data  Gb  startup_stm32f051x8.o [1]
_call_main              0x08008405          Code  Gb  cmain.o [5]
_exit                   0x08008421          Code  Gb  cexit.o [5]
_main                   0x0800840f          Code  Gb  cmain.o [5]
a_Usart1_RxBuffer       0x200012b4    0x80  Data  Gb  usart.o [1]
ceil                    0x080074d5          Code  Gb  ceil.o [4]
ceill                   0x080074d5          Code  Gb  ceil.o [4]
crc8                    0x08007021    0x30  Code  Gb  protocol.o [1]
currentTime             0x20001720     0x4  Data  Lc  netprocess.o [1]
div                     0x08001cc1    0x20  Code  Gb  div.o [3]
exit                    0x08008417     0x8  Code  Gb  exit.o [3]
floor                   0x08006515          Code  Gb  floor.o [4]
floorl                  0x08006515          Code  Gb  floor.o [4]
fputc                   0x0800408b     0xe  Code  Gb  main.o [1]
free                    0x08001515    0x82  Code  Gb  xxmemxfree.o [3]
gAlarm                  0x20001598    0x28  Data  Gb  rtc.o [1]
hadc                    0x2000154c    0x4c  Data  Gb  adc.o [1]
hdma_adc                0x200015e0    0x44  Data  Gb  adc.o [1]
hdma_usart1_rx          0x20001668    0x44  Data  Gb  usart.o [1]
hrtc                    0x200015c0    0x20  Data  Gb  rtc.o [1]
hspi1                   0x20001498    0x64  Data  Gb  spi.o [1]
htim2                   0x20001624    0x40  Data  Gb  tim.o [1]
huart1                  0x20001428    0x70  Data  Gb  usart.o [1]
jionPacke_t             0x200016fc     0x8  Data  Gb  dataprocess.o [1]
localeconv              0x08001c8b    0x18  Code  Gb  localeconv.o [3]
main                    0x08003e95   0x170  Code  Gb  main.o [1]
malloc                  0x080013e9    0xb2  Code  Gb  xxmemxmalloc.o [3]
obuf                    0x200014fc    0x50  Data  Lc  xfiles.o [3]
printf                  0x080053d1    0x24  Code  Gb  printf.o [3]
putchar                 0x08008459    0x10  Code  Gb  putchar.o [3]
rand                    0x0800658d    0xcc  Code  Gb  rand.o [3]
round                   0x08008001    0x48  Code  Gb  round.o [4]
sendUpDataFlag          0x20001738     0x1  Data  Gb  rtc.o [1]
slaveNativeInfo_t       0x200016ac    0x1c  Data  Gb  dataprocess.o [1]
sprintf                 0x08004771    0x38  Code  Gb  sprintf.o [3]
srand                   0x0800656d    0x20  Code  Gb  srand.o [3]
startUpDateHours        0x20001734     0x1  Data  Gb  dataprocess.o [1]
startUpDateMinute       0x20001735     0x1  Data  Gb  dataprocess.o [1]
startUpDateSeconds      0x20001736     0x1  Data  Gb  dataprocess.o [1]
startUpTimeHours        0x200002ac     0x1  Data  Gb  netprocess.o [1]
startUpTimeMinute       0x200002ad     0x1  Data  Gb  netprocess.o [1]
startUpTimeSeconds      0x200002ae     0x1  Data  Gb  netprocess.o [1]
startUpTimeSubSeconds   0x200002bc     0x4  Data  Gb  netprocess.o [1]
strlen                  0x080013b7    0x10  Code  Gb  strlen.o [5]
uwTick                  0x2000172c     0x4  Data  Gb  stm32f0xx_hal.o [1]


[1] = D:\01创客学院\01课程设计\03LoRa开发与应用\Day06\05源码\LoRa自组网程序\EWARM\Slave\Obj
[2] = command line
[3] = dl6M_tlf.a
[4] = m6M_tl.a
[5] = rt6M_tl.a
[6] = shb_l.a

  29 768 bytes of readonly  code memory
   4 401 bytes of readonly  data memory
   5 943 bytes of readwrite data memory

Errors: none
Warnings: none
