###############################################################################
#
# IAR ELF Linker V9.10.2.313/W64 for ARM                  10/Nov/2021  17:36:02
# Copyright 2007-2021 IAR Systems AB.
#
#    Output file  =
#        F:\嵌入式+物联网\18 - LoRa开发与应用\D3 -
#        LoRa人机界面开发\LoRa人机界面\EWARM\learn\Exe\learn.out
#    Map file     =
#        F:\嵌入式+物联网\18 - LoRa开发与应用\D3 -
#        LoRa人机界面开发\LoRa人机界面\EWARM\learn\List\learn.map
#    Command line =
#        -f "F:\嵌入式+物联网\18 - LoRa开发与应用\D3 -
#        LoRa人机界面开发\LoRa人机界面\EWARM\learn\Exe\learn.out.rsp"
#        ("F:\嵌入式+物联网\18 - LoRa开发与应用\D3 -
#        LoRa人机界面开发\LoRa人机界面\EWARM\learn\Obj\Application\User\Core\adc.o"
#        "F:\嵌入式+物联网\18 - LoRa开发与应用\D3 -
#        LoRa人机界面开发\LoRa人机界面\EWARM\learn\Obj\Application\User\Core\dma.o"
#        "F:\嵌入式+物联网\18 - LoRa开发与应用\D3 -
#        LoRa人机界面开发\LoRa人机界面\EWARM\learn\Obj\platform\fifo.o"
#        "F:\嵌入式+物联网\18 - LoRa开发与应用\D3 -
#        LoRa人机界面开发\LoRa人机界面\EWARM\learn\Obj\Application\User\Core\gpio.o"
#        "F:\嵌入式+物联网\18 - LoRa开发与应用\D3 -
#        LoRa人机界面开发\LoRa人机界面\EWARM\learn\Obj\Application\User\Core\lcd.o"
#        "F:\嵌入式+物联网\18 - LoRa开发与应用\D3 -
#        LoRa人机界面开发\LoRa人机界面\EWARM\learn\Obj\platform\led.o"
#        "F:\嵌入式+物联网\18 - LoRa开发与应用\D3 -
#        LoRa人机界面开发\LoRa人机界面\EWARM\learn\Obj\Application\User\Core\main.o"
#        "F:\嵌入式+物联网\18 - LoRa开发与应用\D3 -
#        LoRa人机界面开发\LoRa人机界面\EWARM\learn\Obj\radio\radio.o"
#        "F:\嵌入式+物联网\18 - LoRa开发与应用\D3 -
#        LoRa人机界面开发\LoRa人机界面\EWARM\learn\Obj\Application\User\Core\spi.o"
#        "F:\嵌入式+物联网\18 - LoRa开发与应用\D3 -
#        LoRa人机界面开发\LoRa人机界面\EWARM\learn\Obj\Application\EWARM\startup_stm32f051x8.o"
#        "F:\嵌入式+物联网\18 - LoRa开发与应用\D3 -
#        LoRa人机界面开发\LoRa人机界面\EWARM\learn\Obj\Drivers\STM32F0xx_HAL_Driver\stm32f0xx_hal.o"
#        "F:\嵌入式+物联网\18 - LoRa开发与应用\D3 -
#        LoRa人机界面开发\LoRa人机界面\EWARM\learn\Obj\Drivers\STM32F0xx_HAL_Driver\stm32f0xx_hal_adc.o"
#        "F:\嵌入式+物联网\18 - LoRa开发与应用\D3 -
#        LoRa人机界面开发\LoRa人机界面\EWARM\learn\Obj\Drivers\STM32F0xx_HAL_Driver\stm32f0xx_hal_adc_ex.o"
#        "F:\嵌入式+物联网\18 - LoRa开发与应用\D3 -
#        LoRa人机界面开发\LoRa人机界面\EWARM\learn\Obj\Drivers\STM32F0xx_HAL_Driver\stm32f0xx_hal_cortex.o"
#        "F:\嵌入式+物联网\18 - LoRa开发与应用\D3 -
#        LoRa人机界面开发\LoRa人机界面\EWARM\learn\Obj\Drivers\STM32F0xx_HAL_Driver\stm32f0xx_hal_dma.o"
#        "F:\嵌入式+物联网\18 - LoRa开发与应用\D3 -
#        LoRa人机界面开发\LoRa人机界面\EWARM\learn\Obj\Drivers\STM32F0xx_HAL_Driver\stm32f0xx_hal_exti.o"
#        "F:\嵌入式+物联网\18 - LoRa开发与应用\D3 -
#        LoRa人机界面开发\LoRa人机界面\EWARM\learn\Obj\Drivers\STM32F0xx_HAL_Driver\stm32f0xx_hal_flash.o"
#        "F:\嵌入式+物联网\18 - LoRa开发与应用\D3 -
#        LoRa人机界面开发\LoRa人机界面\EWARM\learn\Obj\Drivers\STM32F0xx_HAL_Driver\stm32f0xx_hal_flash_ex.o"
#        "F:\嵌入式+物联网\18 - LoRa开发与应用\D3 -
#        LoRa人机界面开发\LoRa人机界面\EWARM\learn\Obj\Drivers\STM32F0xx_HAL_Driver\stm32f0xx_hal_gpio.o"
#        "F:\嵌入式+物联网\18 - LoRa开发与应用\D3 -
#        LoRa人机界面开发\LoRa人机界面\EWARM\learn\Obj\Drivers\STM32F0xx_HAL_Driver\stm32f0xx_hal_i2c.o"
#        "F:\嵌入式+物联网\18 - LoRa开发与应用\D3 -
#        LoRa人机界面开发\LoRa人机界面\EWARM\learn\Obj\Drivers\STM32F0xx_HAL_Driver\stm32f0xx_hal_i2c_ex.o"
#        "F:\嵌入式+物联网\18 - LoRa开发与应用\D3 -
#        LoRa人机界面开发\LoRa人机界面\EWARM\learn\Obj\Application\User\Core\stm32f0xx_hal_msp.o"
#        "F:\嵌入式+物联网\18 - LoRa开发与应用\D3 -
#        LoRa人机界面开发\LoRa人机界面\EWARM\learn\Obj\Drivers\STM32F0xx_HAL_Driver\stm32f0xx_hal_pwr.o"
#        "F:\嵌入式+物联网\18 - LoRa开发与应用\D3 -
#        LoRa人机界面开发\LoRa人机界面\EWARM\learn\Obj\Drivers\STM32F0xx_HAL_Driver\stm32f0xx_hal_pwr_ex.o"
#        "F:\嵌入式+物联网\18 - LoRa开发与应用\D3 -
#        LoRa人机界面开发\LoRa人机界面\EWARM\learn\Obj\Drivers\STM32F0xx_HAL_Driver\stm32f0xx_hal_rcc.o"
#        "F:\嵌入式+物联网\18 - LoRa开发与应用\D3 -
#        LoRa人机界面开发\LoRa人机界面\EWARM\learn\Obj\Drivers\STM32F0xx_HAL_Driver\stm32f0xx_hal_rcc_ex.o"
#        "F:\嵌入式+物联网\18 - LoRa开发与应用\D3 -
#        LoRa人机界面开发\LoRa人机界面\EWARM\learn\Obj\Drivers\STM32F0xx_HAL_Driver\stm32f0xx_hal_spi.o"
#        "F:\嵌入式+物联网\18 - LoRa开发与应用\D3 -
#        LoRa人机界面开发\LoRa人机界面\EWARM\learn\Obj\Drivers\STM32F0xx_HAL_Driver\stm32f0xx_hal_spi_ex.o"
#        "F:\嵌入式+物联网\18 - LoRa开发与应用\D3 -
#        LoRa人机界面开发\LoRa人机界面\EWARM\learn\Obj\Drivers\STM32F0xx_HAL_Driver\stm32f0xx_hal_tim.o"
#        "F:\嵌入式+物联网\18 - LoRa开发与应用\D3 -
#        LoRa人机界面开发\LoRa人机界面\EWARM\learn\Obj\Drivers\STM32F0xx_HAL_Driver\stm32f0xx_hal_tim_ex.o"
#        "F:\嵌入式+物联网\18 - LoRa开发与应用\D3 -
#        LoRa人机界面开发\LoRa人机界面\EWARM\learn\Obj\Drivers\STM32F0xx_HAL_Driver\stm32f0xx_hal_uart.o"
#        "F:\嵌入式+物联网\18 - LoRa开发与应用\D3 -
#        LoRa人机界面开发\LoRa人机界面\EWARM\learn\Obj\Drivers\STM32F0xx_HAL_Driver\stm32f0xx_hal_uart_ex.o"
#        "F:\嵌入式+物联网\18 - LoRa开发与应用\D3 -
#        LoRa人机界面开发\LoRa人机界面\EWARM\learn\Obj\Application\User\Core\stm32f0xx_it.o"
#        "F:\嵌入式+物联网\18 - LoRa开发与应用\D3 -
#        LoRa人机界面开发\LoRa人机界面\EWARM\learn\Obj\platform\sx1276-Hal.o"
#        "F:\嵌入式+物联网\18 - LoRa开发与应用\D3 -
#        LoRa人机界面开发\LoRa人机界面\EWARM\learn\Obj\radio\sx1276-LoRa.o"
#        "F:\嵌入式+物联网\18 - LoRa开发与应用\D3 -
#        LoRa人机界面开发\LoRa人机界面\EWARM\learn\Obj\radio\sx1276-LoRaMisc.o"
#        "F:\嵌入式+物联网\18 - LoRa开发与应用\D3 -
#        LoRa人机界面开发\LoRa人机界面\EWARM\learn\Obj\radio\sx1276.o"
#        "F:\嵌入式+物联网\18 - LoRa开发与应用\D3 -
#        LoRa人机界面开发\LoRa人机界面\EWARM\learn\Obj\platform\sx12xxEiger.o"
#        "F:\嵌入式+物联网\18 - LoRa开发与应用\D3 -
#        LoRa人机界面开发\LoRa人机界面\EWARM\learn\Obj\Drivers\CMSIS\system_stm32f0xx.o"
#        "F:\嵌入式+物联网\18 - LoRa开发与应用\D3 -
#        LoRa人机界面开发\LoRa人机界面\EWARM\learn\Obj\Application\User\Core\usart.o"
#        --no_out_extension -o "F:\嵌入式+物联网\18 -
#        LoRa开发与应用\D3 -
#        LoRa人机界面开发\LoRa人机界面\EWARM\learn\Exe\learn.out"
#        --redirect _Printf=_PrintfFullNoMb --redirect _Scanf=_ScanfFullNoMb
#        --map "F:\嵌入式+物联网\18 - LoRa开发与应用\D3 -
#        LoRa人机界面开发\LoRa人机界面\EWARM\learn\List\learn.map"
#        --config "F:\嵌入式+物联网\18 - LoRa开发与应用\D3 -
#        LoRa人机界面开发\LoRa人机界面\EWARM/stm32f051x8_flash.icf"
#        --semihosting --entry __iar_program_start --vfe --text_out locale)
#
###############################################################################

*******************************************************************************
*** RUNTIME MODEL ATTRIBUTES
***

CppFlavor       = *
__SystemLibrary = DLib
__dlib_version  = 6


*******************************************************************************
*** HEAP SELECTION
***

The basic heap was selected because no calls to memory allocation
functions were found in the application outside of system library
functions, and there are calls to deallocation functions in the
application.


*******************************************************************************
*** PLACEMENT SUMMARY
***

"A0":  place at address 0x800'0000 { ro section .intvec };
"P1":  place in [from 0x800'0000 to 0x800'ffff] { ro };
define block CSTACK with size = 1K, alignment = 8 { };
define block HEAP with size = 512, alignment = 8 { };
"P2":  place in [from 0x2000'0000 to 0x2000'1fff] {
          rw, block CSTACK, block HEAP };
initialize by copy { rw };

  Section            Kind         Address    Size  Object
  -------            ----         -------    ----  ------
"A0":                                        0xbc
  .intvec            ro code   0x800'0000    0xbc  startup_stm32f051x8.o [1]
                             - 0x800'00bc    0xbc

"P1":                                      0x5533
  .rodata            const     0x800'00bc  0x1004  lcd.o [2]
  .text              ro code   0x800'10c0   0xffc  xprintffull_nomb.o [7]
  .text              ro code   0x800'20bc    0x12  strchr.o [9]
  .text              ro code   0x800'20ce    0x3e  packbits_init_single.o [9]
  .text              ro code   0x800'210c    0x48  xfail_s.o [7]
  .text              ro code   0x800'2154    0x48  strlen_fast.o [9]
  .text              ro code   0x800'219c    0x16  memchr.o [9]
  .rodata            const     0x800'21b2     0x2  xlocale_c.o [7]
  .text              ro code   0x800'21b4    0xaa  ABImemcpy_fast.o [9]
  .text              ro code   0x800'225e    0x2a  frexp.o [8]
  .text              ro code   0x800'2288    0x32  DblCmpLe.o [8]
  .text              ro code   0x800'22ba    0x32  DblCmpGe.o [8]
  .text              ro code   0x800'22ec    0x70  ldexp.o [8]
  .text              ro code   0x800'235c    0x52  DblToI32.o [8]
  .text              ro code   0x800'23ae     0x2  startup_stm32f051x8.o [1]
  .text              ro code   0x800'23b0    0x34  IxxToDbl.o [8]
  .text              ro code   0x800'23e4   0x1a8  DblAddSub.o [8]
  .text              ro code   0x800'258c    0xe0  I32DivModFast.o [9]
  .text              ro code   0x800'266c    0xc2  DblDiv.o [8]
  .text              ro code   0x800'272e   0x184  DblMul.o [8]
  .text              ro code   0x800'28b2     0x2  startup_stm32f051x8.o [1]
  .text              ro code   0x800'28b4     0xc  xlocale_c.o [7]
  .text              ro code   0x800'28c0    0x7c  I64DivMod.o [9]
  .text              ro code   0x800'293c     0xa  abort.o [7]
  .text              ro code   0x800'2946     0x2  startup_stm32f051x8.o [1]
  .text              ro code   0x800'2948     0x2  IntDivZer.o [9]
  .text              ro code   0x800'294a     0x2  startup_stm32f051x8.o [1]
  .text              ro code   0x800'294c     0x2  I64DivZer.o [9]
  .text              ro code   0x800'294e     0x2  startup_stm32f051x8.o [1]
  .text              ro code   0x800'2950    0x14  exit.o [10]
  .text              ro code   0x800'2964   0xa50  lcd.o [2]
  .text              ro code   0x800'33b4   0x1bc  stm32f0xx_hal_gpio.o [4]
  .text              ro code   0x800'3570   0x7e8  stm32f0xx_hal_spi.o [4]
  .text              ro code   0x800'3d58    0x2c  stm32f0xx_hal.o [4]
  .text              ro code   0x800'3d84    0xe0  spi.o [2]
  .text              ro code   0x800'3e64     0xc  stm32f0xx_hal.o [4]
  .text              ro code   0x800'3e70   0x214  main.o [2]
  .text              ro code   0x800'4084    0x14  memset.o [9]
  .text              ro code   0x800'4098    0x24  stm32f0xx_hal.o [4]
  .text              ro code   0x800'40bc   0x5c8  stm32f0xx_hal_rcc.o [4]
  .text              ro code   0x800'4684   0x11c  stm32f0xx_hal_rcc_ex.o [4]
  .text              ro code   0x800'47a0    0xc0  gpio.o [2]
  .text              ro code   0x800'4860    0x30  dma.o [2]
  .text              ro code   0x800'4890    0xfc  adc.o [2]
  .text              ro code   0x800'498c    0xd4  usart.o [2]
  .text              ro code   0x800'4a60    0x30  sx1276-Hal.o [5]
  .text              ro code   0x800'4a90    0x28  printf.o [7]
  .text              ro code   0x800'4ab8    0x4e  ABImemset.o [9]
  .text              ro code   0x800'4b06     0x2  startup_stm32f051x8.o [1]
  .text              ro code   0x800'4b08    0x48  stm32f0xx_hal.o [4]
  .text              ro code   0x800'4b50    0x30  stm32f0xx_hal_msp.o [2]
  .text              ro code   0x800'4b80    0x90  stm32f0xx_hal_cortex.o [4]
  .text              ro code   0x800'4c10   0x2c4  stm32f0xx_hal_adc.o [4]
  .text              ro code   0x800'4ed4   0x3b0  stm32f0xx_hal_uart.o [4]
  .text              ro code   0x800'5284   0x112  stm32f0xx_hal_dma.o [4]
  .text              ro code   0x800'5396     0x2  startup_stm32f051x8.o [1]
  .rodata            const     0x800'5398    0x6a  xprintffull_nomb.o [7]
  .text              ro code   0x800'5402    0x3c  zero_init3.o [9]
  .text              ro code   0x800'543e     0x2  startup_stm32f051x8.o [1]
  .text              ro code   0x800'5440    0x28  stm32f0xx_it.o [2]
  .text              ro code   0x800'5468    0x10  stm32f0xx_hal.o [4]
  .text              ro code   0x800'5478    0x28  data_init.o [9]
  .iar.init_table    const     0x800'54a0    0x20  - Linker created -
  .text              ro code   0x800'54c0    0x1e  cmain.o [9]
  .text              ro code   0x800'54de     0x4  low_level_init.o [7]
  .text              ro code   0x800'54e2     0x8  exit.o [7]
  .text              ro code   0x800'54ea     0x2  startup_stm32f051x8.o [1]
  .text              ro code   0x800'54ec     0xa  cexit.o [9]
  .text              ro code   0x800'54f6     0x2  startup_stm32f051x8.o [1]
  .text              ro code   0x800'54f8    0x1c  cstartup_M.o [9]
  .text              ro code   0x800'5514    0x16  xprout.o [7]
  .text              ro code   0x800'552a     0x2  startup_stm32f051x8.o [1]
  .text              ro code   0x800'552c    0x10  putchar.o [7]
  .text              ro code   0x800'553c    0x14  system_stm32f0xx.o [3]
  .text              ro code   0x800'5550    0x10  startup_stm32f051x8.o [1]
  .rodata            const     0x800'5560     0x8  system_stm32f0xx.o [3]
  .text              ro code   0x800'5568     0x2  startup_stm32f051x8.o [1]
  .text              ro code   0x800'556a     0x2  startup_stm32f051x8.o [1]
  .text              ro code   0x800'556c     0x2  startup_stm32f051x8.o [1]
  .text              ro code   0x800'556e     0x2  startup_stm32f051x8.o [1]
  .text              ro code   0x800'5570     0x2  startup_stm32f051x8.o [1]
  .text              ro code   0x800'5572     0x2  startup_stm32f051x8.o [1]
  .text              ro code   0x800'5574     0x2  startup_stm32f051x8.o [1]
  .text              ro code   0x800'5576     0x2  startup_stm32f051x8.o [1]
  .text              ro code   0x800'5578     0x2  startup_stm32f051x8.o [1]
  .text              ro code   0x800'557a     0x2  startup_stm32f051x8.o [1]
  .text              ro code   0x800'557c     0x2  startup_stm32f051x8.o [1]
  .text              ro code   0x800'557e     0x2  startup_stm32f051x8.o [1]
  .text              ro code   0x800'5580     0x2  startup_stm32f051x8.o [1]
  .text              ro code   0x800'5582     0x2  startup_stm32f051x8.o [1]
  .text              ro code   0x800'5584     0x2  startup_stm32f051x8.o [1]
  .text              ro code   0x800'5586     0x2  startup_stm32f051x8.o [1]
  .text              ro code   0x800'5588     0x2  startup_stm32f051x8.o [1]
  .rodata            const     0x800'558a     0x1  xlocale_c.o [7]
  .rodata            const     0x800'558b     0x0  zero_init3.o [9]
  .rodata            const     0x800'558b     0x0  packbits_init_single.o [9]
  Initializer bytes  const     0x800'558b    0x64  <for P2-1>
                             - 0x800'55ef  0x5533

"P2", part 1 of 3:                           0x90
  P2-1                        0x2000'0000    0x90  <Init block>
    .data            inited   0x2000'0000     0xc  stm32f0xx_hal.o [4]
    .data            inited   0x2000'000c     0x4  system_stm32f0xx.o [3]
    .data            inited   0x2000'0010    0x38  xlocale_c.o [7]
    .data            inited   0x2000'0048    0x48  xfiles.o [7]
                            - 0x2000'0090    0x90

"P2", part 2 of 3:                          0x1c0
  .bss               zero     0x2000'0090    0x84  usart.o [2]
  .bss               zero     0x2000'0114    0x64  spi.o [2]
  .bss               zero     0x2000'0178    0x50  xfiles.o [7]
  .bss               zero     0x2000'01c8    0x44  usart.o [2]
  .bss               zero     0x2000'020c    0x40  adc.o [2]
  .bss               zero     0x2000'024c     0x4  xfail_s.o [7]
                            - 0x2000'0250   0x1c0

"P2", part 3 of 3:                          0x400
  CSTACK                      0x2000'0250   0x400  <Block>
    CSTACK           uninit   0x2000'0250   0x400  <Block tail>
                            - 0x2000'0650   0x400

Unused ranges:

         From           To    Size
         ----           --    ----
   0x800'55ef   0x800'ffff  0xaa11
  0x2000'0650  0x2000'1fff  0x19b0


*******************************************************************************
*** INIT TABLE
***

          Address      Size
          -------      ----
Zero (__iar_zero_init3)
    1 destination range, total size 0x1c0:
          0x2000'0090  0x1c0

Copy/packbits (__iar_packbits_init_single3)
    1 source range, total size 0x64 (69% of destination):
           0x800'558b   0x64
    1 destination range, total size 0x90:
          0x2000'0000   0x90



*******************************************************************************
*** MODULE SUMMARY
***

    Module                  ro code  ro data  rw data
    ------                  -------  -------  -------
command line/config:
    -------------------------------------------------
    Total:

F:\嵌入式+物联网\18 - LoRa开发与应用\D3 - LoRa人机界面开发\LoRa人机界面\EWARM\learn\Obj\Application\EWARM: [1]
    startup_stm32f051x8.o       260
    -------------------------------------------------
    Total:                      260

F:\嵌入式+物联网\18 - LoRa开发与应用\D3 - LoRa人机界面开发\LoRa人机界面\EWARM\learn\Obj\Application\User\Core: [2]
    adc.o                       252                64
    dma.o                        48
    gpio.o                      192
    lcd.o                     2'640    4'100
    main.o                      532
    spi.o                       224               100
    stm32f0xx_hal_msp.o          48
    stm32f0xx_it.o               40
    usart.o                     212               200
    -------------------------------------------------
    Total:                    4'188    4'100      364

F:\嵌入式+物联网\18 - LoRa开发与应用\D3 - LoRa人机界面开发\LoRa人机界面\EWARM\learn\Obj\Drivers\CMSIS: [3]
    system_stm32f0xx.o           20       11        4
    -------------------------------------------------
    Total:                       20       11        4

F:\嵌入式+物联网\18 - LoRa开发与应用\D3 - LoRa人机界面开发\LoRa人机界面\EWARM\learn\Obj\Drivers\STM32F0xx_HAL_Driver: [4]
    stm32f0xx_hal.o             180        8       12
    stm32f0xx_hal_adc.o         708
    stm32f0xx_hal_cortex.o      144
    stm32f0xx_hal_dma.o         274
    stm32f0xx_hal_gpio.o        444
    stm32f0xx_hal_rcc.o       1'480
    stm32f0xx_hal_rcc_ex.o      284
    stm32f0xx_hal_spi.o       2'024
    stm32f0xx_hal_uart.o        944
    -------------------------------------------------
    Total:                    6'482        8       12

F:\嵌入式+物联网\18 - LoRa开发与应用\D3 - LoRa人机界面开发\LoRa人机界面\EWARM\learn\Obj\platform: [5]
    sx1276-Hal.o                 48
    -------------------------------------------------
    Total:                       48

F:\嵌入式+物联网\18 - LoRa开发与应用\D3 - LoRa人机界面开发\LoRa人机界面\EWARM\learn\Obj\radio: [6]
    -------------------------------------------------
    Total:

dl6M_tlf.a: [7]
    abort.o                      10
    exit.o                        8
    low_level_init.o              4
    printf.o                     40
    putchar.o                    16
    xfail_s.o                    72                 4
    xfiles.o                              50      152
    xlocale_c.o                  12       42       56
    xprintffull_nomb.o        4'092      106
    xprout.o                     22
    -------------------------------------------------
    Total:                    4'276      198      212

m6M_tl.a: [8]
    DblAddSub.o                 424
    DblCmpGe.o                   50
    DblCmpLe.o                   50
    DblDiv.o                    194
    DblMul.o                    388
    DblToI32.o                   82
    IxxToDbl.o                   52
    frexp.o                      42
    ldexp.o                     112
    -------------------------------------------------
    Total:                    1'394

rt6M_tl.a: [9]
    ABImemcpy_fast.o            170
    ABImemset.o                  78
    I32DivModFast.o             224
    I64DivMod.o                 124
    I64DivZer.o                   2
    IntDivZer.o                   2
    cexit.o                      10
    cmain.o                      30
    cstartup_M.o                 28
    data_init.o                  40
    memchr.o                     22
    memset.o                     20
    packbits_init_single.o       62
    strchr.o                     18
    strlen_fast.o                72
    zero_init3.o                 60
    -------------------------------------------------
    Total:                      962

shb_l.a: [10]
    exit.o                       20
    -------------------------------------------------
    Total:                       20

    Linker created                        32    1'024
-----------------------------------------------------
    Grand Total:             17'650    4'349    1'616


*******************************************************************************
*** ENTRY LIST
***

Entry                       Address    Size  Type      Object
-----                       -------    ----  ----      ------
.iar.init_table$$Base    0x800'54a0           --   Gb  - Linker created -
.iar.init_table$$Limit   0x800'54c0           --   Gb  - Linker created -
?main                    0x800'54c1          Code  Gb  cmain.o [9]
AHBPrescTable            0x800'5540    0x10  Data  Gb  system_stm32f0xx.o [3]
APBPrescTable            0x800'5560     0x8  Data  Gb  system_stm32f0xx.o [3]
CSTACK$$Base            0x2000'0250           --   Gb  - Linker created -
CSTACK$$Limit           0x2000'0650           --   Gb  - Linker created -
DMA1_Channel2_3_IRQHandler
                         0x800'5455     0xe  Code  Gb  stm32f0xx_it.o [2]
Error_Handler            0x800'3fd9     0x4  Code  Gb  main.o [2]
Gui_DrawFont_GBK16       0x800'3009   0x39a  Code  Gb  lcd.o [2]
HAL_ADC_ConfigChannel    0x800'4d89   0x12e  Code  Gb  stm32f0xx_hal_adc.o [4]
HAL_ADC_Init             0x800'4c11   0x16c  Code  Gb  stm32f0xx_hal_adc.o [4]
HAL_ADC_MspInit          0x800'4929    0x56  Code  Gb  adc.o [2]
HAL_DMA_IRQHandler       0x800'52ed    0xaa  Code  Gb  stm32f0xx_hal_dma.o [4]
HAL_DMA_Init             0x800'5285    0x5a  Code  Gb  stm32f0xx_hal_dma.o [4]
HAL_Delay                0x800'3d59    0x2c  Code  Gb  stm32f0xx_hal.o [4]
HAL_GPIO_Init            0x800'33b5   0x198  Code  Gb  stm32f0xx_hal_gpio.o [4]
HAL_GPIO_WritePin        0x800'354d     0xc  Code  Gb  stm32f0xx_hal_gpio.o [4]
HAL_GetTick              0x800'3e65     0xc  Code  Gb  stm32f0xx_hal.o [4]
HAL_IncTick              0x800'5469    0x10  Code  Gb  stm32f0xx_hal.o [4]
HAL_Init                 0x800'4099    0x1e  Code  Gb  stm32f0xx_hal.o [4]
HAL_InitTick             0x800'4b09    0x48  Code  Gb  stm32f0xx_hal.o [4]
HAL_MspInit              0x800'4b51    0x30  Code  Gb  stm32f0xx_hal_msp.o [2]
HAL_NVIC_EnableIRQ       0x800'4bbd    0x12  Code  Gb  stm32f0xx_hal_cortex.o [4]
HAL_NVIC_SetPriority     0x800'4b81    0x3c  Code  Gb  stm32f0xx_hal_cortex.o [4]
HAL_RCCEx_PeriphCLKConfig
                         0x800'4685   0x102  Code  Gb  stm32f0xx_hal_rcc_ex.o [4]
HAL_RCC_ClockConfig      0x800'44b9   0x128  Code  Gb  stm32f0xx_hal_rcc.o [4]
HAL_RCC_GetPCLK1Freq     0x800'4623    0x14  Code  Gb  stm32f0xx_hal_rcc.o [4]
HAL_RCC_GetSysClockFreq
                         0x800'45e9    0x3a  Code  Gb  stm32f0xx_hal_rcc.o [4]
HAL_RCC_GetSysClockFreq::aPLLMULFactorTable
                         0x800'4664    0x10  Data  Lc  stm32f0xx_hal_rcc.o [4]
HAL_RCC_GetSysClockFreq::aPredivFactorTable
                         0x800'4674    0x10  Data  Lc  stm32f0xx_hal_rcc.o [4]
HAL_RCC_OscConfig        0x800'40bd   0x3f2  Code  Gb  stm32f0xx_hal_rcc.o [4]
HAL_SPI_Init             0x800'3571    0xf0  Code  Gb  stm32f0xx_hal_spi.o [4]
HAL_SPI_MspInit          0x800'3dcd    0x5a  Code  Gb  spi.o [2]
HAL_SPI_Transmit         0x800'3665   0x332  Code  Gb  stm32f0xx_hal_spi.o [4]
HAL_SPI_TransmitReceive
                         0x800'39a5   0x3a4  Code  Gb  stm32f0xx_hal_spi.o [4]
HAL_SYSTICK_Config       0x800'4bcf    0x2a  Code  Gb  stm32f0xx_hal_cortex.o [4]
HAL_UART_Init            0x800'4ed5   0x18e  Code  Gb  stm32f0xx_hal_uart.o [4]
HAL_UART_MspInit         0x800'49c1    0x8a  Code  Gb  usart.o [2]
HardFault_Handler        0x800'5443     0x2  Code  Gb  stm32f0xx_it.o [2]
Lcd_Clear                0x800'2d55   0x2a8  Code  Gb  lcd.o [2]
Lcd_Init                 0x800'2965   0x1a0  Code  Gb  lcd.o [2]
Lcd_SetRegion            0x800'2b15   0x234  Code  Gb  lcd.o [2]
MX_ADC_Init              0x800'4891    0x98  Code  Gb  adc.o [2]
MX_DMA_Init              0x800'4861    0x30  Code  Gb  dma.o [2]
MX_GPIO_Init             0x800'47a1    0xc0  Code  Gb  gpio.o [2]
MX_SPI1_Init             0x800'3d85    0x48  Code  Gb  spi.o [2]
MX_USART1_UART_Init      0x800'498d    0x34  Code  Gb  usart.o [2]
NMI_Handler              0x800'5441     0x2  Code  Gb  stm32f0xx_it.o [2]
PendSV_Handler           0x800'5447     0x2  Code  Gb  stm32f0xx_it.o [2]
Region$$Table$$Base      0x800'54a0           --   Gb  - Linker created -
Region$$Table$$Limit     0x800'54c0           --   Gb  - Linker created -
SVC_Handler              0x800'5445     0x2  Code  Gb  stm32f0xx_it.o [2]
SX1276Read               0x800'4a61    0x30  Code  Gb  sx1276-Hal.o [5]
SpiInOut                 0x800'3e27    0x2a  Code  Gb  spi.o [2]
SysTick_Handler          0x800'5449     0xc  Code  Gb  stm32f0xx_it.o [2]
SystemCoreClock         0x2000'000c     0x4  Data  Gb  system_stm32f0xx.o [3]
SystemInit               0x800'553d     0x2  Code  Gb  system_stm32f0xx.o [3]
UART_AdvFeatureConfig    0x800'5177    0xc8  Code  Gb  stm32f0xx_hal_uart.o [4]
UART_SetConfig           0x800'506d   0x10a  Code  Gb  stm32f0xx_hal_uart.o [4]
Zk_ASCII8X16             0x800'00bc  0x1004  Data  Gb  lcd.o [2]
_LitobFullNoMb           0x800'1ef5   0x124  Code  Lc  xprintffull_nomb.o [7]
_Locale_lconv           0x2000'0010    0x38  Data  Lc  xlocale_c.o [7]
_PrintfFullNoMb          0x800'10c1   0xe34  Code  Gb  xprintffull_nomb.o [7]
_Prout                   0x800'5515    0x16  Code  Gb  xprout.o [7]
_PutcharFullNoMb         0x800'2065    0x22  Code  Lc  xprintffull_nomb.o [7]
_PutcharsFullNoMb        0x800'2087    0x36  Code  Lc  xprintffull_nomb.o [7]
__ICFEDIT_region_RAM_end__ {Abs}
                        0x2000'1fff          Data  Gb  <internal module>
__ICFEDIT_region_RAM_start__ {Abs}
                        0x2000'0000          Data  Gb  <internal module>
__aeabi_cdcmple          0x800'2289          Code  Gb  DblCmpLe.o [8]
__aeabi_cdrcmple         0x800'22bb          Code  Gb  DblCmpGe.o [8]
__aeabi_d2iz             0x800'235d          Code  Gb  DblToI32.o [8]
__aeabi_d2uiz            0x800'2381          Code  Gb  DblToI32.o [8]
__aeabi_ddiv             0x800'266d          Code  Gb  DblDiv.o [8]
__aeabi_dmul             0x800'272f          Code  Gb  DblMul.o [8]
__aeabi_dsub             0x800'249f          Code  Gb  DblAddSub.o [8]
__aeabi_i2d              0x800'23d1          Code  Gb  IxxToDbl.o [8]
__aeabi_idiv             0x800'25b9          Code  Gb  I32DivModFast.o [9]
__aeabi_idiv0            0x800'2949          Code  Gb  IntDivZer.o [9]
__aeabi_idivmod          0x800'25b9          Code  Gb  I32DivModFast.o [9]
__aeabi_ldiv0            0x800'294d          Code  Gb  I64DivZer.o [9]
__aeabi_memset           0x800'4ab9          Code  Gb  ABImemset.o [9]
__aeabi_ui2d             0x800'23b1          Code  Gb  IxxToDbl.o [8]
__aeabi_uidiv            0x800'25bf          Code  Gb  I32DivModFast.o [9]
__aeabi_uidivmod         0x800'25bf          Code  Gb  I32DivModFast.o [9]
__aeabi_uldivmod         0x800'28c1          Code  Gb  I64DivMod.o [9]
__cmain                  0x800'54c1          Code  Gb  cmain.o [9]
__exit                   0x800'2951    0x14  Code  Gb  exit.o [10]
__iar_Fail_s             0x800'210d    0x22  Code  Gb  xfail_s.o [7]
__iar_Memchr             0x800'219d          Code  Gb  memchr.o [9]
__iar_Memset4_word       0x800'4ad9          Code  Gb  ABImemset.o [9]
__iar_Memset_word        0x800'4ac5          Code  Gb  ABImemset.o [9]
__iar_Stdout            0x2000'0048    0x48  Data  Gb  xfiles.o [7]
__iar_Strchr             0x800'20bd          Code  Gb  strchr.o [9]
__iar_d2uiz              0x800'2385          Code  Gb  DblToI32.o [8]
__iar_data_init3         0x800'5479    0x28  Code  Gb  data_init.o [9]
__iar_fast_Memcpy        0x800'21f5          Code  Gb  ABImemcpy_fast.o [9]
__iar_fast_memcpy        0x800'21f5          Code  Gb  ABImemcpy_fast.o [9]
__iar_fast_memcpy4       0x800'21b5          Code  Gb  ABImemcpy_fast.o [9]
__iar_fast_memcpy8       0x800'21b5          Code  Gb  ABImemcpy_fast.o [9]
__iar_fast_strlen        0x800'2155          Code  Gb  strlen_fast.o [9]
__iar_frexp              0x800'226b          Code  Gb  frexp.o [8]
__iar_frexp64            0x800'225f          Code  Gb  frexp.o [8]
__iar_frexpl             0x800'226b          Code  Gb  frexp.o [8]
__iar_ldexp64            0x800'22ed          Code  Gb  ldexp.o [8]
__iar_packbits_init_single3
                         0x800'20cf    0x3e  Code  Gb  packbits_init_single.o [9]
__iar_program_start      0x800'54f9          Code  Gb  cstartup_M.o [9]
__iar_scalbln64          0x800'22ed          Code  Gb  ldexp.o [8]
__iar_scalbn64           0x800'22ed          Code  Gb  ldexp.o [8]
__iar_zero_init3         0x800'5403    0x3c  Code  Gb  zero_init3.o [9]
__low_level_init         0x800'54df     0x4  Code  Gb  low_level_init.o [7]
__vector_table           0x800'0000          Data  Gb  startup_stm32f051x8.o [1]
_call_main               0x800'54cd          Code  Gb  cmain.o [9]
_exit                    0x800'54ed          Code  Gb  cexit.o [9]
abort                    0x800'293d     0xa  Code  Gb  abort.o [7]
exit                     0x800'54e3     0x8  Code  Gb  exit.o [7]
fputc                    0x800'3fdd    0x10  Code  Gb  main.o [2]
frexp                    0x800'225f          Code  Gb  frexp.o [8]
frexpl                   0x800'225f          Code  Gb  frexp.o [8]
hadc                    0x2000'020c    0x40  Data  Gb  adc.o [2]
hdma_usart1_rx          0x2000'01c8    0x44  Data  Gb  usart.o [2]
hspi1                   0x2000'0114    0x64  Data  Gb  spi.o [2]
huart1                  0x2000'0090    0x84  Data  Gb  usart.o [2]
ldexp                    0x800'22ed          Code  Gb  ldexp.o [8]
ldexpl                   0x800'22ed          Code  Gb  ldexp.o [8]
localeconv               0x800'28b5     0x4  Code  Gb  xlocale_c.o [7]
main                     0x800'3e71   0x168  Code  Gb  main.o [2]
memchr                   0x800'219d          Code  Gb  memchr.o [9]
memset                   0x800'4085    0x14  Code  Gb  memset.o [9]
obuf                    0x2000'0178    0x50  Data  Lc  xfiles.o [7]
printf                   0x800'4a91    0x28  Code  Gb  printf.o [7]
putchar                  0x800'552d    0x10  Code  Gb  putchar.o [7]
scalbln                  0x800'22ed          Code  Gb  ldexp.o [8]
scalblnl                 0x800'22ed          Code  Gb  ldexp.o [8]
scalbn                   0x800'22ed          Code  Gb  ldexp.o [8]
scalbnl                  0x800'22ed          Code  Gb  ldexp.o [8]
scale                    0x800'2019    0x44  Code  Lc  xprintffull_nomb.o [7]
sec_hand                0x2000'024c     0x4  Data  Lc  xfail_s.o [7]
strchr                   0x800'20bd          Code  Gb  strchr.o [9]
uwTick                  0x2000'0004     0x4  Data  Gb  stm32f0xx_hal.o [4]
uwTickFreq              0x2000'0000     0x1  Data  Gb  stm32f0xx_hal.o [4]
uwTickPrio              0x2000'0008     0x4  Data  Gb  stm32f0xx_hal.o [4]


[1] = F:\嵌入式+物联网\18 - LoRa开发与应用\D3 - LoRa人机界面开发\LoRa人机界面\EWARM\learn\Obj\Application\EWARM
[2] = F:\嵌入式+物联网\18 - LoRa开发与应用\D3 - LoRa人机界面开发\LoRa人机界面\EWARM\learn\Obj\Application\User\Core
[3] = F:\嵌入式+物联网\18 - LoRa开发与应用\D3 - LoRa人机界面开发\LoRa人机界面\EWARM\learn\Obj\Drivers\CMSIS
[4] = F:\嵌入式+物联网\18 - LoRa开发与应用\D3 - LoRa人机界面开发\LoRa人机界面\EWARM\learn\Obj\Drivers\STM32F0xx_HAL_Driver
[5] = F:\嵌入式+物联网\18 - LoRa开发与应用\D3 - LoRa人机界面开发\LoRa人机界面\EWARM\learn\Obj\platform
[6] = F:\嵌入式+物联网\18 - LoRa开发与应用\D3 - LoRa人机界面开发\LoRa人机界面\EWARM\learn\Obj\radio
[7] = dl6M_tlf.a
[8] = m6M_tl.a
[9] = rt6M_tl.a
[10] = shb_l.a

  17'650 bytes of readonly  code memory
   4'349 bytes of readonly  data memory
   1'616 bytes of readwrite data memory

Errors: none
Warnings: none
